    LAYER
        NAME "intensity_lvls_cas_hand_gath_gen"
        INCLUDE "pgconnection.inc"
        DATA "wkb_geometry from (select * from intensity_lvls_cas_hand_gath_gen) as foo using unique ogc_fid using srid=27700"
        PROJECTION
            "init=epsg:27700"
        END
        METADATA
            "ows_title" "intensity_lvls_cas_hand_gath_gen"
            "gml_include_items" "all"
        END
        TOLERANCEUNITS pixels
        TOLERANCE 2
        TEMPLATE 'id.tmpl'
        STATUS OFF
        TYPE POLYGON
        UNITS METERS
        CLASS
            STYLE
                COLOR 255 0 0
            END
        END
    END

    LAYER
        NAME "intensity_lvls_cas_hand_gath_det"
        INCLUDE "pgconnection.inc"
        DATA "wkb_geometry from (select * from intensity_lvls_cas_hand_gath_det) as foo using unique ogc_fid using srid=27700"
        PROJECTION
            "init=epsg:27700"
        END
        METADATA
            "ows_title" "intensity_lvls_cas_hand_gath_det"
            "gml_include_items" "all"
        END
        TOLERANCEUNITS pixels
        TOLERANCE 2
        TEMPLATE 'id.tmpl'
        STATUS OFF
        TYPE POLYGON
        UNITS METERS
        CLASS
            STYLE
                COLOR 255 0 0
            END
        END
    END

    LAYER
        NAME "intensity_lvls_fixed_pots_gen"
        INCLUDE "pgconnection.inc"
        DATA "wkb_geometry from (select * from intensity_lvls_fixed_pots_gen) as foo using unique ogc_fid using srid=27700"
        PROJECTION
            "init=epsg:27700"
        END
        METADATA
            "ows_title" "intensity_lvls_fixed_pots_gen"
            "gml_include_items" "all"
        END
        TOLERANCEUNITS pixels
        TOLERANCE 2
        TEMPLATE 'id.tmpl'
        STATUS OFF
        TYPE POLYGON
        UNITS METERS
        CLASS
            STYLE
                COLOR 255 0 0
            END
        END
    END

    LAYER
        NAME "intensity_lvls_fixed_pots_det"
        INCLUDE "pgconnection.inc"
        DATA "wkb_geometry from (select * from intensity_lvls_fixed_pots_det) as foo using unique ogc_fid using srid=27700"
        PROJECTION
            "init=epsg:27700"
        END
        METADATA
            "ows_title" "intensity_lvls_fixed_pots_det"
            "gml_include_items" "all"
        END
        TOLERANCEUNITS pixels
        TOLERANCE 2
        TEMPLATE 'id.tmpl'
        STATUS OFF
        TYPE POLYGON
        UNITS METERS
        CLASS
            STYLE
                COLOR 255 0 0
            END
        END
    END

    LAYER
        NAME "intensity_lvls_foot_access_gen"
        INCLUDE "pgconnection.inc"
        DATA "wkb_geometry from (select * from intensity_lvls_foot_access_gen) as foo using unique ogc_fid using srid=27700"
        PROJECTION
            "init=epsg:27700"
        END
        METADATA
            "ows_title" "intensity_lvls_foot_access_gen"
            "gml_include_items" "all"
        END
        TOLERANCEUNITS pixels
        TOLERANCE 2
        TEMPLATE 'id.tmpl'
        STATUS OFF
        TYPE POLYGON
        UNITS METERS
        CLASS
            STYLE
                COLOR 255 0 0
            END
        END
    END

    LAYER
        NAME "intensity_lvls_foot_access_det"
        INCLUDE "pgconnection.inc"
        DATA "wkb_geometry from (select * from intensity_lvls_foot_access_det) as foo using unique ogc_fid using srid=27700"
        PROJECTION
            "init=epsg:27700"
        END
        METADATA
            "ows_title" "intensity_lvls_foot_access_det"
            "gml_include_items" "all"
        END
        TOLERANCEUNITS pixels
        TOLERANCE 2
        TEMPLATE 'id.tmpl'
        STATUS OFF
        TYPE POLYGON
        UNITS METERS
        CLASS
            STYLE
                COLOR 255 0 0
            END
        END
    END

    LAYER
        NAME "intensity_lvls_king_scallops_gen"
        INCLUDE "pgconnection.inc"
        DATA "wkb_geometry from (select * from intensity_lvls_king_scallops_gen) as foo using unique ogc_fid using srid=27700"
        PROJECTION
            "init=epsg:27700"
        END
        METADATA
            "ows_title" "intensity_lvls_king_scallops_gen"
            "gml_include_items" "all"
        END
        TOLERANCEUNITS pixels
        TOLERANCE 2
        TEMPLATE 'id.tmpl'
        STATUS OFF
        TYPE POLYGON
        UNITS METERS
        CLASS
            STYLE
                COLOR 255 0 0
            END
        END
    END

    LAYER
        NAME "intensity_lvls_king_scallops_det"
        INCLUDE "pgconnection.inc"
        DATA "wkb_geometry from (select * from intensity_lvls_king_scallops_det) as foo using unique ogc_fid using srid=27700"
        PROJECTION
            "init=epsg:27700"
        END
        METADATA
            "ows_title" "intensity_lvls_king_scallops_det"
            "gml_include_items" "all"
        END
        TOLERANCEUNITS pixels
        TOLERANCE 2
        TEMPLATE 'id.tmpl'
        STATUS OFF
        TYPE POLYGON
        UNITS METERS
        CLASS
            STYLE
                COLOR 255 0 0
            END
        END
    END

    LAYER
        NAME "intensity_lvls_lot_gen"
        INCLUDE "pgconnection.inc"
        DATA "wkb_geometry from (select * from intensity_lvls_lot_gen) as foo using unique ogc_fid using srid=27700"
        PROJECTION
            "init=epsg:27700"
        END
        METADATA
            "ows_title" "intensity_lvls_lot_gen"
            "gml_include_items" "all"
        END
        TOLERANCEUNITS pixels
        TOLERANCE 2
        TEMPLATE 'id.tmpl'
        STATUS OFF
        TYPE POLYGON
        UNITS METERS
        CLASS
            STYLE
                COLOR 255 0 0
            END
        END
    END

    LAYER
        NAME "intensity_lvls_lot_det"
        INCLUDE "pgconnection.inc"
        DATA "wkb_geometry from (select * from intensity_lvls_lot_det) as foo using unique ogc_fid using srid=27700"
        PROJECTION
            "init=epsg:27700"
        END
        METADATA
            "ows_title" "intensity_lvls_lot_det"
            "gml_include_items" "all"
        END
        TOLERANCEUNITS pixels
        TOLERANCE 2
        TEMPLATE 'id.tmpl'
        STATUS OFF
        TYPE POLYGON
        UNITS METERS
        CLASS
            STYLE
                COLOR 255 0 0
            END
        END
    END

    LAYER
        NAME "intensity_lvls_mussels_gen"
        INCLUDE "pgconnection.inc"
        DATA "wkb_geometry from (select * from intensity_lvls_mussels_gen) as foo using unique ogc_fid using srid=27700"
        PROJECTION
            "init=epsg:27700"
        END
        METADATA
            "ows_title" "intensity_lvls_mussels_gen"
            "gml_include_items" "all"
        END
        TOLERANCEUNITS pixels
        TOLERANCE 2
        TEMPLATE 'id.tmpl'
        STATUS OFF
        TYPE POLYGON
        UNITS METERS
        CLASS
            STYLE
                COLOR 255 0 0
            END
        END
    END

    LAYER
        NAME "intensity_lvls_mussels_det"
        INCLUDE "pgconnection.inc"
        DATA "wkb_geometry from (select * from intensity_lvls_mussels_det) as foo using unique ogc_fid using srid=27700"
        PROJECTION
            "init=epsg:27700"
        END
        METADATA
            "ows_title" "intensity_lvls_mussels_det"
            "gml_include_items" "all"
        END
        TOLERANCEUNITS pixels
        TOLERANCE 2
        TEMPLATE 'id.tmpl'
        STATUS OFF
        TYPE POLYGON
        UNITS METERS
        CLASS
            STYLE
                COLOR 255 0 0
            END
        END
    END

    LAYER
        NAME "intensity_lvls_nets_gen"
        INCLUDE "pgconnection.inc"
        DATA "wkb_geometry from (select * from intensity_lvls_nets_gen) as foo using unique ogc_fid using srid=27700"
        PROJECTION
            "init=epsg:27700"
        END
        METADATA
            "ows_title" "intensity_lvls_nets_gen"
            "gml_include_items" "all"
        END
        TOLERANCEUNITS pixels
        TOLERANCE 2
        TEMPLATE 'id.tmpl'
        STATUS OFF
        TYPE POLYGON
        UNITS METERS
        CLASS
            STYLE
                COLOR 255 0 0
            END
        END
    END

    LAYER
        NAME "intensity_lvls_nets_det"
        INCLUDE "pgconnection.inc"
        DATA "wkb_geometry from (select * from intensity_lvls_nets_det) as foo using unique ogc_fid using srid=27700"
        PROJECTION
            "init=epsg:27700"
        END
        METADATA
            "ows_title" "intensity_lvls_nets_det"
            "gml_include_items" "all"
        END
        TOLERANCEUNITS pixels
        TOLERANCE 2
        TEMPLATE 'id.tmpl'
        STATUS OFF
        TYPE POLYGON
        UNITS METERS
        CLASS
            STYLE
                COLOR 255 0 0
            END
        END
    END

    LAYER
        NAME "intensity_lvls_pro_hand_gath_gen"
        INCLUDE "pgconnection.inc"
        DATA "wkb_geometry from (select * from intensity_lvls_pro_hand_gath_gen) as foo using unique ogc_fid using srid=27700"
        PROJECTION
            "init=epsg:27700"
        END
        METADATA
            "ows_title" "intensity_lvls_pro_hand_gath_gen"
            "gml_include_items" "all"
        END
        TOLERANCEUNITS pixels
        TOLERANCE 2
        TEMPLATE 'id.tmpl'
        STATUS OFF
        TYPE POLYGON
        UNITS METERS
        CLASS
            STYLE
                COLOR 255 0 0
            END
        END
    END

    LAYER
        NAME "intensity_lvls_pro_hand_gath_det"
        INCLUDE "pgconnection.inc"
        DATA "wkb_geometry from (select * from intensity_lvls_pro_hand_gath_det) as foo using unique ogc_fid using srid=27700"
        PROJECTION
            "init=epsg:27700"
        END
        METADATA
            "ows_title" "intensity_lvls_pro_hand_gath_det"
            "gml_include_items" "all"
        END
        TOLERANCEUNITS pixels
        TOLERANCE 2
        TEMPLATE 'id.tmpl'
        STATUS OFF
        TYPE POLYGON
        UNITS METERS
        CLASS
            STYLE
                COLOR 255 0 0
            END
        END
    END

    LAYER
        NAME "intensity_lvls_queen_scallops_gen"
        INCLUDE "pgconnection.inc"
        DATA "wkb_geometry from (select * from intensity_lvls_queen_scallops_gen) as foo using unique ogc_fid using srid=27700"
        PROJECTION
            "init=epsg:27700"
        END
        METADATA
            "ows_title" "intensity_lvls_queen_scallops_gen"
            "gml_include_items" "all"
        END
        TOLERANCEUNITS pixels
        TOLERANCE 2
        TEMPLATE 'id.tmpl'
        STATUS OFF
        TYPE POLYGON
        UNITS METERS
        CLASS
            STYLE
                COLOR 255 0 0
            END
        END
    END

    LAYER
        NAME "intensity_lvls_queen_scallops_det"
        INCLUDE "pgconnection.inc"
        DATA "wkb_geometry from (select * from intensity_lvls_queen_scallops_det) as foo using unique ogc_fid using srid=27700"
        PROJECTION
            "init=epsg:27700"
        END
        METADATA
            "ows_title" "intensity_lvls_queen_scallops_det"
            "gml_include_items" "all"
        END
        TOLERANCEUNITS pixels
        TOLERANCE 2
        TEMPLATE 'id.tmpl'
        STATUS OFF
        TYPE POLYGON
        UNITS METERS
        CLASS
            STYLE
                COLOR 255 0 0
            END
        END
    END

    LAYER
        NAME "intensity_lvls_rsa_charterboats_gen"
        INCLUDE "pgconnection.inc"
        DATA "wkb_geometry from (select * from intensity_lvls_rsa_charterboats_gen) as foo using unique ogc_fid using srid=27700"
        PROJECTION
            "init=epsg:27700"
        END
        METADATA
            "ows_title" "intensity_lvls_rsa_charterboats_gen"
            "gml_include_items" "all"
        END
        TOLERANCEUNITS pixels
        TOLERANCE 2
        TEMPLATE 'id.tmpl'
        STATUS OFF
        TYPE POLYGON
        UNITS METERS
        CLASS
            STYLE
                COLOR 255 0 0
            END
        END
    END

    LAYER
        NAME "intensity_lvls_rsa_charterboats_det"
        INCLUDE "pgconnection.inc"
        DATA "wkb_geometry from (select * from intensity_lvls_rsa_charterboats_det) as foo using unique ogc_fid using srid=27700"
        PROJECTION
            "init=epsg:27700"
        END
        METADATA
            "ows_title" "intensity_lvls_rsa_charterboats_det"
            "gml_include_items" "all"
        END
        TOLERANCEUNITS pixels
        TOLERANCE 2
        TEMPLATE 'id.tmpl'
        STATUS OFF
        TYPE POLYGON
        UNITS METERS
        CLASS
            STYLE
                COLOR 255 0 0
            END
        END
    END

    LAYER
        NAME "intensity_lvls_rsa_commercial_gen"
        INCLUDE "pgconnection.inc"
        DATA "wkb_geometry from (select * from intensity_lvls_rsa_commercial_gen) as foo using unique ogc_fid using srid=27700"
        PROJECTION
            "init=epsg:27700"
        END
        METADATA
            "ows_title" "intensity_lvls_rsa_commercial_gen"
            "gml_include_items" "all"
        END
        TOLERANCEUNITS pixels
        TOLERANCE 2
        TEMPLATE 'id.tmpl'
        STATUS OFF
        TYPE POLYGON
        UNITS METERS
        CLASS
            STYLE
                COLOR 255 0 0
            END
        END
    END

    LAYER
        NAME "intensity_lvls_rsa_commercial_det"
        INCLUDE "pgconnection.inc"
        DATA "wkb_geometry from (select * from intensity_lvls_rsa_commercial_det) as foo using unique ogc_fid using srid=27700"
        PROJECTION
            "init=epsg:27700"
        END
        METADATA
            "ows_title" "intensity_lvls_rsa_commercial_det"
            "gml_include_items" "all"
        END
        TOLERANCEUNITS pixels
        TOLERANCE 2
        TEMPLATE 'id.tmpl'
        STATUS OFF
        TYPE POLYGON
        UNITS METERS
        CLASS
            STYLE
                COLOR 255 0 0
            END
        END
    END

    LAYER
        NAME "intensity_lvls_rsa_noncharter_gen"
        INCLUDE "pgconnection.inc"
        DATA "wkb_geometry from (select * from intensity_lvls_rsa_noncharter_gen) as foo using unique ogc_fid using srid=27700"
        PROJECTION
            "init=epsg:27700"
        END
        METADATA
            "ows_title" "intensity_lvls_rsa_noncharter_gen"
            "gml_include_items" "all"
        END
        TOLERANCEUNITS pixels
        TOLERANCE 2
        TEMPLATE 'id.tmpl'
        STATUS OFF
        TYPE POLYGON
        UNITS METERS
        CLASS
            STYLE
                COLOR 255 0 0
            END
        END
    END

    LAYER
        NAME "intensity_lvls_rsa_noncharter_det"
        INCLUDE "pgconnection.inc"
        DATA "wkb_geometry from (select * from intensity_lvls_rsa_noncharter_det) as foo using unique ogc_fid using srid=27700"
        PROJECTION
            "init=epsg:27700"
        END
        METADATA
            "ows_title" "intensity_lvls_rsa_noncharter_det"
            "gml_include_items" "all"
        END
        TOLERANCEUNITS pixels
        TOLERANCE 2
        TEMPLATE 'id.tmpl'
        STATUS OFF
        TYPE POLYGON
        UNITS METERS
        CLASS
            STYLE
                COLOR 255 0 0
            END
        END
    END

    LAYER
        NAME "intensity_lvls_rsa_shore_gen"
        INCLUDE "pgconnection.inc"
        DATA "wkb_geometry from (select * from intensity_lvls_rsa_shore_gen) as foo using unique ogc_fid using srid=27700"
        PROJECTION
            "init=epsg:27700"
        END
        METADATA
            "ows_title" "intensity_lvls_rsa_shore_gen"
            "gml_include_items" "all"
        END
        TOLERANCEUNITS pixels
        TOLERANCE 2
        TEMPLATE 'id.tmpl'
        STATUS OFF
        TYPE POLYGON
        UNITS METERS
        CLASS
            STYLE
                COLOR 255 0 0
            END
        END
    END

    LAYER
        NAME "intensity_lvls_rsa_shore_det"
        INCLUDE "pgconnection.inc"
        DATA "wkb_geometry from (select * from intensity_lvls_rsa_shore_det) as foo using unique ogc_fid using srid=27700"
        PROJECTION
            "init=epsg:27700"
        END
        METADATA
            "ows_title" "intensity_lvls_rsa_shore_det"
            "gml_include_items" "all"
        END
        TOLERANCEUNITS pixels
        TOLERANCE 2
        TEMPLATE 'id.tmpl'
        STATUS OFF
        TYPE POLYGON
        UNITS METERS
        CLASS
            STYLE
                COLOR 255 0 0
            END
        END
    END

    LAYER
        NAME "vessels_lvls_cas_hand_gath_gen"
        INCLUDE "pgconnection.inc"
        DATA "wkb_geometry from (select * from intensity_lvls_cas_hand_gath_gen) as foo using unique ogc_fid using srid=27700"
        PROJECTION
            "init=epsg:27700"
        END
        METADATA
            "ows_title" "vessels_lvls_cas_hand_gath_gen"
            "gml_include_items" "all"
        END
        TOLERANCEUNITS pixels
        TOLERANCE 2
        TEMPLATE 'id.tmpl'
        STATUS OFF
        TYPE POLYGON
        UNITS METERS
        CLASS
            STYLE
                COLOR 255 0 0
            END
        END
    END

    LAYER
        NAME "vessels_lvls_cas_hand_gath_det"
        INCLUDE "pgconnection.inc"
        DATA "wkb_geometry from (select * from intensity_lvls_cas_hand_gath_det) as foo using unique ogc_fid using srid=27700"
        PROJECTION
            "init=epsg:27700"
        END
        METADATA
            "ows_title" "vessels_lvls_cas_hand_gath_det"
            "gml_include_items" "all"
        END
        TOLERANCEUNITS pixels
        TOLERANCE 2
        TEMPLATE 'id.tmpl'
        STATUS OFF
        TYPE POLYGON
        UNITS METERS
        CLASS
            STYLE
                COLOR 255 0 0
            END
        END
    END

    LAYER
        NAME "vessels_lvls_fixed_pots_gen"
        INCLUDE "pgconnection.inc"
        DATA "wkb_geometry from (select * from intensity_lvls_fixed_pots_gen) as foo using unique ogc_fid using srid=27700"
        PROJECTION
            "init=epsg:27700"
        END
        METADATA
            "ows_title" "vessels_lvls_fixed_pots_gen"
            "gml_include_items" "all"
        END
        TOLERANCEUNITS pixels
        TOLERANCE 2
        TEMPLATE 'id.tmpl'
        STATUS OFF
        TYPE POLYGON
        UNITS METERS
        CLASS
            STYLE
                COLOR 255 0 0
            END
        END
    END

    LAYER
        NAME "vessels_lvls_fixed_pots_det"
        INCLUDE "pgconnection.inc"
        DATA "wkb_geometry from (select * from intensity_lvls_fixed_pots_det) as foo using unique ogc_fid using srid=27700"
        PROJECTION
            "init=epsg:27700"
        END
        METADATA
            "ows_title" "vessels_lvls_fixed_pots_det"
            "gml_include_items" "all"
        END
        TOLERANCEUNITS pixels
        TOLERANCE 2
        TEMPLATE 'id.tmpl'
        STATUS OFF
        TYPE POLYGON
        UNITS METERS
        CLASS
            STYLE
                COLOR 255 0 0
            END
        END
    END

    LAYER
        NAME "vessels_lvls_foot_access_gen"
        INCLUDE "pgconnection.inc"
        DATA "wkb_geometry from (select * from intensity_lvls_foot_access_gen) as foo using unique ogc_fid using srid=27700"
        PROJECTION
            "init=epsg:27700"
        END
        METADATA
            "ows_title" "vessels_lvls_foot_access_gen"
            "gml_include_items" "all"
        END
        TOLERANCEUNITS pixels
        TOLERANCE 2
        TEMPLATE 'id.tmpl'
        STATUS OFF
        TYPE POLYGON
        UNITS METERS
        CLASS
            STYLE
                COLOR 255 0 0
            END
        END
    END

    LAYER
        NAME "vessels_lvls_foot_access_det"
        INCLUDE "pgconnection.inc"
        DATA "wkb_geometry from (select * from intensity_lvls_foot_access_det) as foo using unique ogc_fid using srid=27700"
        PROJECTION
            "init=epsg:27700"
        END
        METADATA
            "ows_title" "vessels_lvls_foot_access_det"
            "gml_include_items" "all"
        END
        TOLERANCEUNITS pixels
        TOLERANCE 2
        TEMPLATE 'id.tmpl'
        STATUS OFF
        TYPE POLYGON
        UNITS METERS
        CLASS
            STYLE
                COLOR 255 0 0
            END
        END
    END

    LAYER
        NAME "vessels_lvls_king_scallops_gen"
        INCLUDE "pgconnection.inc"
        DATA "wkb_geometry from (select * from intensity_lvls_king_scallops_gen) as foo using unique ogc_fid using srid=27700"
        PROJECTION
            "init=epsg:27700"
        END
        METADATA
            "ows_title" "vessels_lvls_king_scallops_gen"
            "gml_include_items" "all"
        END
        TOLERANCEUNITS pixels
        TOLERANCE 2
        TEMPLATE 'id.tmpl'
        STATUS OFF
        TYPE POLYGON
        UNITS METERS
        CLASS
            STYLE
                COLOR 255 0 0
            END
        END
    END

    LAYER
        NAME "vessels_lvls_king_scallops_det"
        INCLUDE "pgconnection.inc"
        DATA "wkb_geometry from (select * from intensity_lvls_king_scallops_det) as foo using unique ogc_fid using srid=27700"
        PROJECTION
            "init=epsg:27700"
        END
        METADATA
            "ows_title" "vessels_lvls_king_scallops_det"
            "gml_include_items" "all"
        END
        TOLERANCEUNITS pixels
        TOLERANCE 2
        TEMPLATE 'id.tmpl'
        STATUS OFF
        TYPE POLYGON
        UNITS METERS
        CLASS
            STYLE
                COLOR 255 0 0
            END
        END
    END

    LAYER
        NAME "vessels_lvls_lot_gen"
        INCLUDE "pgconnection.inc"
        DATA "wkb_geometry from (select * from intensity_lvls_lot_gen) as foo using unique ogc_fid using srid=27700"
        PROJECTION
            "init=epsg:27700"
        END
        METADATA
            "ows_title" "vessels_lvls_lot_gen"
            "gml_include_items" "all"
        END
        TOLERANCEUNITS pixels
        TOLERANCE 2
        TEMPLATE 'id.tmpl'
        STATUS OFF
        TYPE POLYGON
        UNITS METERS
        CLASS
            STYLE
                COLOR 255 0 0
            END
        END
    END

    LAYER
        NAME "vessels_lvls_lot_det"
        INCLUDE "pgconnection.inc"
        DATA "wkb_geometry from (select * from intensity_lvls_lot_det) as foo using unique ogc_fid using srid=27700"
        PROJECTION
            "init=epsg:27700"
        END
        METADATA
            "ows_title" "vessels_lvls_lot_det"
            "gml_include_items" "all"
        END
        TOLERANCEUNITS pixels
        TOLERANCE 2
        TEMPLATE 'id.tmpl'
        STATUS OFF
        TYPE POLYGON
        UNITS METERS
        CLASS
            STYLE
                COLOR 255 0 0
            END
        END
    END

    LAYER
        NAME "vessels_lvls_mussels_gen"
        INCLUDE "pgconnection.inc"
        DATA "wkb_geometry from (select * from intensity_lvls_mussels_gen) as foo using unique ogc_fid using srid=27700"
        PROJECTION
            "init=epsg:27700"
        END
        METADATA
            "ows_title" "vessels_lvls_mussels_gen"
            "gml_include_items" "all"
        END
        TOLERANCEUNITS pixels
        TOLERANCE 2
        TEMPLATE 'id.tmpl'
        STATUS OFF
        TYPE POLYGON
        UNITS METERS
        CLASS
            STYLE
                COLOR 255 0 0
            END
        END
    END

    LAYER
        NAME "vessels_lvls_mussels_det"
        INCLUDE "pgconnection.inc"
        DATA "wkb_geometry from (select * from intensity_lvls_mussels_det) as foo using unique ogc_fid using srid=27700"
        PROJECTION
            "init=epsg:27700"
        END
        METADATA
            "ows_title" "vessels_lvls_mussels_det"
            "gml_include_items" "all"
        END
        TOLERANCEUNITS pixels
        TOLERANCE 2
        TEMPLATE 'id.tmpl'
        STATUS OFF
        TYPE POLYGON
        UNITS METERS
        CLASS
            STYLE
                COLOR 255 0 0
            END
        END
    END

    LAYER
        NAME "vessels_lvls_nets_gen"
        INCLUDE "pgconnection.inc"
        DATA "wkb_geometry from (select * from intensity_lvls_nets_gen) as foo using unique ogc_fid using srid=27700"
        PROJECTION
            "init=epsg:27700"
        END
        METADATA
            "ows_title" "vessels_lvls_nets_gen"
            "gml_include_items" "all"
        END
        TOLERANCEUNITS pixels
        TOLERANCE 2
        TEMPLATE 'id.tmpl'
        STATUS OFF
        TYPE POLYGON
        UNITS METERS
        CLASS
            STYLE
                COLOR 255 0 0
            END
        END
    END

    LAYER
        NAME "vessels_lvls_nets_det"
        INCLUDE "pgconnection.inc"
        DATA "wkb_geometry from (select * from intensity_lvls_nets_det) as foo using unique ogc_fid using srid=27700"
        PROJECTION
            "init=epsg:27700"
        END
        METADATA
            "ows_title" "vessels_lvls_nets_det"
            "gml_include_items" "all"
        END
        TOLERANCEUNITS pixels
        TOLERANCE 2
        TEMPLATE 'id.tmpl'
        STATUS OFF
        TYPE POLYGON
        UNITS METERS
        CLASS
            STYLE
                COLOR 255 0 0
            END
        END
    END

    LAYER
        NAME "vessels_lvls_pro_hand_gath_gen"
        INCLUDE "pgconnection.inc"
        DATA "wkb_geometry from (select * from intensity_lvls_pro_hand_gath_gen) as foo using unique ogc_fid using srid=27700"
        PROJECTION
            "init=epsg:27700"
        END
        METADATA
            "ows_title" "vessels_lvls_pro_hand_gath_gen"
            "gml_include_items" "all"
        END
        TOLERANCEUNITS pixels
        TOLERANCE 2
        TEMPLATE 'id.tmpl'
        STATUS OFF
        TYPE POLYGON
        UNITS METERS
        CLASS
            STYLE
                COLOR 255 0 0
            END
        END
    END

    LAYER
        NAME "vessels_lvls_pro_hand_gath_det"
        INCLUDE "pgconnection.inc"
        DATA "wkb_geometry from (select * from intensity_lvls_pro_hand_gath_det) as foo using unique ogc_fid using srid=27700"
        PROJECTION
            "init=epsg:27700"
        END
        METADATA
            "ows_title" "vessels_lvls_pro_hand_gath_det"
            "gml_include_items" "all"
        END
        TOLERANCEUNITS pixels
        TOLERANCE 2
        TEMPLATE 'id.tmpl'
        STATUS OFF
        TYPE POLYGON
        UNITS METERS
        CLASS
            STYLE
                COLOR 255 0 0
            END
        END
    END

    LAYER
        NAME "vessels_lvls_queen_scallops_gen"
        INCLUDE "pgconnection.inc"
        DATA "wkb_geometry from (select * from intensity_lvls_queen_scallops_gen) as foo using unique ogc_fid using srid=27700"
        PROJECTION
            "init=epsg:27700"
        END
        METADATA
            "ows_title" "vessels_lvls_queen_scallops_gen"
            "gml_include_items" "all"
        END
        TOLERANCEUNITS pixels
        TOLERANCE 2
        TEMPLATE 'id.tmpl'
        STATUS OFF
        TYPE POLYGON
        UNITS METERS
        CLASS
            STYLE
                COLOR 255 0 0
            END
        END
    END

    LAYER
        NAME "vessels_lvls_queen_scallops_det"
        INCLUDE "pgconnection.inc"
        DATA "wkb_geometry from (select * from intensity_lvls_queen_scallops_det) as foo using unique ogc_fid using srid=27700"
        PROJECTION
            "init=epsg:27700"
        END
        METADATA
            "ows_title" "vessels_lvls_queen_scallops_det"
            "gml_include_items" "all"
        END
        TOLERANCEUNITS pixels
        TOLERANCE 2
        TEMPLATE 'id.tmpl'
        STATUS OFF
        TYPE POLYGON
        UNITS METERS
        CLASS
            STYLE
                COLOR 255 0 0
            END
        END
    END

    LAYER
        NAME "vessels_lvls_rsa_charterboats_gen"
        INCLUDE "pgconnection.inc"
        DATA "wkb_geometry from (select * from intensity_lvls_rsa_charterboats_gen) as foo using unique ogc_fid using srid=27700"
        PROJECTION
            "init=epsg:27700"
        END
        METADATA
            "ows_title" "vessels_lvls_rsa_charterboats_gen"
            "gml_include_items" "all"
        END
        TOLERANCEUNITS pixels
        TOLERANCE 2
        TEMPLATE 'id.tmpl'
        STATUS OFF
        TYPE POLYGON
        UNITS METERS
        CLASS
            STYLE
                COLOR 255 0 0
            END
        END
    END

    LAYER
        NAME "vessels_lvls_rsa_charterboats_det"
        INCLUDE "pgconnection.inc"
        DATA "wkb_geometry from (select * from intensity_lvls_rsa_charterboats_det) as foo using unique ogc_fid using srid=27700"
        PROJECTION
            "init=epsg:27700"
        END
        METADATA
            "ows_title" "vessels_lvls_rsa_charterboats_det"
            "gml_include_items" "all"
        END
        TOLERANCEUNITS pixels
        TOLERANCE 2
        TEMPLATE 'id.tmpl'
        STATUS OFF
        TYPE POLYGON
        UNITS METERS
        CLASS
            STYLE
                COLOR 255 0 0
            END
        END
    END

    LAYER
        NAME "vessels_lvls_rsa_commercial_gen"
        INCLUDE "pgconnection.inc"
        DATA "wkb_geometry from (select * from intensity_lvls_rsa_commercial_gen) as foo using unique ogc_fid using srid=27700"
        PROJECTION
            "init=epsg:27700"
        END
        METADATA
            "ows_title" "vessels_lvls_rsa_commercial_gen"
            "gml_include_items" "all"
        END
        TOLERANCEUNITS pixels
        TOLERANCE 2
        TEMPLATE 'id.tmpl'
        STATUS OFF
        TYPE POLYGON
        UNITS METERS
        CLASS
            STYLE
                COLOR 255 0 0
            END
        END
    END

    LAYER
        NAME "vessels_lvls_rsa_commercial_det"
        INCLUDE "pgconnection.inc"
        DATA "wkb_geometry from (select * from intensity_lvls_rsa_commercial_det) as foo using unique ogc_fid using srid=27700"
        PROJECTION
            "init=epsg:27700"
        END
        METADATA
            "ows_title" "vessels_lvls_rsa_commercial_det"
            "gml_include_items" "all"
        END
        TOLERANCEUNITS pixels
        TOLERANCE 2
        TEMPLATE 'id.tmpl'
        STATUS OFF
        TYPE POLYGON
        UNITS METERS
        CLASS
            STYLE
                COLOR 255 0 0
            END
        END
    END

    LAYER
        NAME "vessels_lvls_rsa_noncharter_gen"
        INCLUDE "pgconnection.inc"
        DATA "wkb_geometry from (select * from intensity_lvls_rsa_noncharter_gen) as foo using unique ogc_fid using srid=27700"
        PROJECTION
            "init=epsg:27700"
        END
        METADATA
            "ows_title" "vessels_lvls_rsa_noncharter_gen"
            "gml_include_items" "all"
        END
        TOLERANCEUNITS pixels
        TOLERANCE 2
        TEMPLATE 'id.tmpl'
        STATUS OFF
        TYPE POLYGON
        UNITS METERS
        CLASS
            STYLE
                COLOR 255 0 0
            END
        END
    END

    LAYER
        NAME "vessels_lvls_rsa_noncharter_det"
        INCLUDE "pgconnection.inc"
        DATA "wkb_geometry from (select * from intensity_lvls_rsa_noncharter_det) as foo using unique ogc_fid using srid=27700"
        PROJECTION
            "init=epsg:27700"
        END
        METADATA
            "ows_title" "vessels_lvls_rsa_noncharter_det"
            "gml_include_items" "all"
        END
        TOLERANCEUNITS pixels
        TOLERANCE 2
        TEMPLATE 'id.tmpl'
        STATUS OFF
        TYPE POLYGON
        UNITS METERS
        CLASS
            STYLE
                COLOR 255 0 0
            END
        END
    END

    LAYER
        NAME "vessels_lvls_rsa_shore_gen"
        INCLUDE "pgconnection.inc"
        DATA "wkb_geometry from (select * from intensity_lvls_rsa_shore_gen) as foo using unique ogc_fid using srid=27700"
        PROJECTION
            "init=epsg:27700"
        END
        METADATA
            "ows_title" "vessels_lvls_rsa_shore_gen"
            "gml_include_items" "all"
        END
        TOLERANCEUNITS pixels
        TOLERANCE 2
        TEMPLATE 'id.tmpl'
        STATUS OFF
        TYPE POLYGON
        UNITS METERS
        CLASS
            STYLE
                COLOR 255 0 0
            END
        END
    END

    LAYER
        NAME "vessels_lvls_rsa_shore_det"
        INCLUDE "pgconnection.inc"
        DATA "wkb_geometry from (select * from intensity_lvls_rsa_shore_det) as foo using unique ogc_fid using srid=27700"
        PROJECTION
            "init=epsg:27700"
        END
        METADATA
            "ows_title" "vessels_lvls_rsa_shore_det"
            "gml_include_items" "all"
        END
        TOLERANCEUNITS pixels
        TOLERANCE 2
        TEMPLATE 'id.tmpl'
        STATUS OFF
        TYPE POLYGON
        UNITS METERS
        CLASS
            STYLE
                COLOR 255 0 0
            END
        END
    END

    LAYER
        NAME "sensitivity_lvls_cas_hand_gath"
        INCLUDE "pgconnection.inc"
        DATA "wkb_geometry from (select * from sensitivity_lvls_cas_hand_gath) as foo using unique ogc_fid using srid=27700"
        PROJECTION
            "init=epsg:27700"
        END
        METADATA
            "ows_title" "sensitivity_lvls_cas_hand_gath"
            "gml_include_items" "all"
        END
        TOLERANCEUNITS pixels
        TOLERANCE 2
        TEMPLATE 'id.tmpl'
        STATUS OFF
        TYPE POLYGON
        UNITS METERS
        CLASS
            STYLE
                COLOR 255 0 0
            END
        END
    END

    LAYER
        NAME "sensitivity_lvls_fixed_pots"
        INCLUDE "pgconnection.inc"
        DATA "wkb_geometry from (select * from sensitivity_lvls_fixed_pots) as foo using unique ogc_fid using srid=27700"
        PROJECTION
            "init=epsg:27700"
        END
        METADATA
            "ows_title" "sensitivity_lvls_fixed_pots"
            "gml_include_items" "all"
        END
        TOLERANCEUNITS pixels
        TOLERANCE 2
        TEMPLATE 'id.tmpl'
        STATUS OFF
        TYPE POLYGON
        UNITS METERS
        CLASS
            STYLE
                COLOR 255 0 0
            END
        END
    END

    LAYER
        NAME "sensitivity_lvls_foot_access"
        INCLUDE "pgconnection.inc"
        DATA "wkb_geometry from (select * from sensitivity_lvls_foot_access) as foo using unique ogc_fid using srid=27700"
        PROJECTION
            "init=epsg:27700"
        END
        METADATA
            "ows_title" "sensitivity_lvls_foot_access"
            "gml_include_items" "all"
        END
        TOLERANCEUNITS pixels
        TOLERANCE 2
        TEMPLATE 'id.tmpl'
        STATUS OFF
        TYPE POLYGON
        UNITS METERS
        CLASS
            STYLE
                COLOR 255 0 0
            END
        END
    END

    LAYER
        NAME "sensitivity_lvls_king_scallops"
        INCLUDE "pgconnection.inc"
        DATA "wkb_geometry from (select * from sensitivity_lvls_king_scallops) as foo using unique ogc_fid using srid=27700"
        PROJECTION
            "init=epsg:27700"
        END
        METADATA
            "ows_title" "sensitivity_lvls_king_scallops"
            "gml_include_items" "all"
        END
        TOLERANCEUNITS pixels
        TOLERANCE 2
        TEMPLATE 'id.tmpl'
        STATUS OFF
        TYPE POLYGON
        UNITS METERS
        CLASS
            STYLE
                COLOR 255 0 0
            END
        END
    END

    LAYER
        NAME "sensitivity_lvls_lot"
        INCLUDE "pgconnection.inc"
        DATA "wkb_geometry from (select * from sensitivity_lvls_lot) as foo using unique ogc_fid using srid=27700"
        PROJECTION
            "init=epsg:27700"
        END
        METADATA
            "ows_title" "sensitivity_lvls_lot"
            "gml_include_items" "all"
        END
        TOLERANCEUNITS pixels
        TOLERANCE 2
        TEMPLATE 'id.tmpl'
        STATUS OFF
        TYPE POLYGON
        UNITS METERS
        CLASS
            STYLE
                COLOR 255 0 0
            END
        END
    END

    LAYER
        NAME "sensitivity_lvls_mussels"
        INCLUDE "pgconnection.inc"
        DATA "wkb_geometry from (select * from sensitivity_lvls_mussels) as foo using unique ogc_fid using srid=27700"
        PROJECTION
            "init=epsg:27700"
        END
        METADATA
            "ows_title" "sensitivity_lvls_mussels"
            "gml_include_items" "all"
        END
        TOLERANCEUNITS pixels
        TOLERANCE 2
        TEMPLATE 'id.tmpl'
        STATUS OFF
        TYPE POLYGON
        UNITS METERS
        CLASS
            STYLE
                COLOR 255 0 0
            END
        END
    END

    LAYER
        NAME "sensitivity_lvls_nets"
        INCLUDE "pgconnection.inc"
        DATA "wkb_geometry from (select * from sensitivity_lvls_nets) as foo using unique ogc_fid using srid=27700"
        PROJECTION
            "init=epsg:27700"
        END
        METADATA
            "ows_title" "sensitivity_lvls_nets"
            "gml_include_items" "all"
        END
        TOLERANCEUNITS pixels
        TOLERANCE 2
        TEMPLATE 'id.tmpl'
        STATUS OFF
        TYPE POLYGON
        UNITS METERS
        CLASS
            STYLE
                COLOR 255 0 0
            END
        END
    END

    LAYER
        NAME "sensitivity_lvls_pro_hand_gath"
        INCLUDE "pgconnection.inc"
        DATA "wkb_geometry from (select * from sensitivity_lvls_pro_hand_gath) as foo using unique ogc_fid using srid=27700"
        PROJECTION
            "init=epsg:27700"
        END
        METADATA
            "ows_title" "sensitivity_lvls_pro_hand_gath"
            "gml_include_items" "all"
        END
        TOLERANCEUNITS pixels
        TOLERANCE 2
        TEMPLATE 'id.tmpl'
        STATUS OFF
        TYPE POLYGON
        UNITS METERS
        CLASS
            STYLE
                COLOR 255 0 0
            END
        END
    END

    LAYER
        NAME "sensitivity_lvls_queen_scallops"
        INCLUDE "pgconnection.inc"
        DATA "wkb_geometry from (select * from sensitivity_lvls_queen_scallops) as foo using unique ogc_fid using srid=27700"
        PROJECTION
            "init=epsg:27700"
        END
        METADATA
            "ows_title" "sensitivity_lvls_queen_scallops"
            "gml_include_items" "all"
        END
        TOLERANCEUNITS pixels
        TOLERANCE 2
        TEMPLATE 'id.tmpl'
        STATUS OFF
        TYPE POLYGON
        UNITS METERS
        CLASS
            STYLE
                COLOR 255 0 0
            END
        END
    END

    LAYER
        NAME "sensitivity_lvls_rsa_charterboats"
        INCLUDE "pgconnection.inc"
        DATA "wkb_geometry from (select * from sensitivity_lvls_rsa_charterboats) as foo using unique ogc_fid using srid=27700"
        PROJECTION
            "init=epsg:27700"
        END
        METADATA
            "ows_title" "sensitivity_lvls_rsa_charterboats"
            "gml_include_items" "all"
        END
        TOLERANCEUNITS pixels
        TOLERANCE 2
        TEMPLATE 'id.tmpl'
        STATUS OFF
        TYPE POLYGON
        UNITS METERS
        CLASS
            STYLE
                COLOR 255 0 0
            END
        END
    END

    LAYER
        NAME "sensitivity_lvls_rsa_commercial"
        INCLUDE "pgconnection.inc"
        DATA "wkb_geometry from (select * from sensitivity_lvls_rsa_commercial) as foo using unique ogc_fid using srid=27700"
        PROJECTION
            "init=epsg:27700"
        END
        METADATA
            "ows_title" "sensitivity_lvls_rsa_commercial"
            "gml_include_items" "all"
        END
        TOLERANCEUNITS pixels
        TOLERANCE 2
        TEMPLATE 'id.tmpl'
        STATUS OFF
        TYPE POLYGON
        UNITS METERS
        CLASS
            STYLE
                COLOR 255 0 0
            END
        END
    END

    LAYER
        NAME "sensitivity_lvls_rsa_noncharter"
        INCLUDE "pgconnection.inc"
        DATA "wkb_geometry from (select * from sensitivity_lvls_rsa_noncharter) as foo using unique ogc_fid using srid=27700"
        PROJECTION
            "init=epsg:27700"
        END
        METADATA
            "ows_title" "sensitivity_lvls_rsa_noncharter"
            "gml_include_items" "all"
        END
        TOLERANCEUNITS pixels
        TOLERANCE 2
        TEMPLATE 'id.tmpl'
        STATUS OFF
        TYPE POLYGON
        UNITS METERS
        CLASS
            STYLE
                COLOR 255 0 0
            END
        END
    END

    LAYER
        NAME "sensitivity_lvls_rsa_shore"
        INCLUDE "pgconnection.inc"
        DATA "wkb_geometry from (select * from sensitivity_lvls_rsa_shore) as foo using unique ogc_fid using srid=27700"
        PROJECTION
            "init=epsg:27700"
        END
        METADATA
            "ows_title" "sensitivity_lvls_rsa_shore"
            "gml_include_items" "all"
        END
        TOLERANCEUNITS pixels
        TOLERANCE 2
        TEMPLATE 'id.tmpl'
        STATUS OFF
        TYPE POLYGON
        UNITS METERS
        CLASS
            STYLE
                COLOR 255 0 0
            END
        END
    END

    LAYER
        NAME "extents_king_scallops"
        INCLUDE "pgconnection.inc"
        DATA "wkb_geometry from (select * from extents_king_scallops) as foo using unique ogc_fid using srid=27700"
        PROJECTION
            "init=epsg:27700"
        END
        METADATA
            "ows_title" "extents_king_scallops"
            "gml_include_items" "all"
        END
        TOLERANCEUNITS pixels
        TOLERANCE 2
        TEMPLATE 'id.tmpl'
        STATUS OFF
        TYPE POLYGON
        UNITS METERS
        CLASS
            STYLE
                COLOR 255 0 0
            END
        END
    END

    LAYER
        NAME "extents_lot"
        INCLUDE "pgconnection.inc"
        DATA "wkb_geometry from (select * from extents_lot) as foo using unique ogc_fid using srid=27700"
        PROJECTION
            "init=epsg:27700"
        END
        METADATA
            "ows_title" "extents_lot"
            "gml_include_items" "all"
        END
        TOLERANCEUNITS pixels
        TOLERANCE 2
        TEMPLATE 'id.tmpl'
        STATUS OFF
        TYPE POLYGON
        UNITS METERS
        CLASS
            STYLE
                COLOR 255 0 0
            END
        END
    END

    LAYER
        NAME "extents_mussels"
        INCLUDE "pgconnection.inc"
        DATA "wkb_geometry from (select * from extents_mussels) as foo using unique ogc_fid using srid=27700"
        PROJECTION
            "init=epsg:27700"
        END
        METADATA
            "ows_title" "extents_mussels"
            "gml_include_items" "all"
        END
        TOLERANCEUNITS pixels
        TOLERANCE 2
        TEMPLATE 'id.tmpl'
        STATUS OFF
        TYPE POLYGON
        UNITS METERS
        CLASS
            STYLE
                COLOR 255 0 0
            END
        END
    END

    LAYER
        NAME "extents_nets"
        INCLUDE "pgconnection.inc"
        DATA "wkb_geometry from (select * from extents_nets) as foo using unique ogc_fid using srid=27700"
        PROJECTION
            "init=epsg:27700"
        END
        METADATA
            "ows_title" "extents_nets"
            "gml_include_items" "all"
        END
        TOLERANCEUNITS pixels
        TOLERANCE 2
        TEMPLATE 'id.tmpl'
        STATUS OFF
        TYPE POLYGON
        UNITS METERS
        CLASS
            STYLE
                COLOR 255 0 0
            END
        END
    END

    LAYER
        NAME "extents_pots"
        INCLUDE "pgconnection.inc"
        DATA "wkb_geometry from (select * from extents_pots) as foo using unique ogc_fid using srid=27700"
        PROJECTION
            "init=epsg:27700"
        END
        METADATA
            "ows_title" "extents_pots"
            "gml_include_items" "all"
        END
        TOLERANCEUNITS pixels
        TOLERANCE 2
        TEMPLATE 'id.tmpl'
        STATUS OFF
        TYPE POLYGON
        UNITS METERS
        CLASS
            STYLE
                COLOR 255 0 0
            END
        END
    END

    LAYER
        NAME "extents_pro_hand_gath"
        INCLUDE "pgconnection.inc"
        DATA "wkb_geometry from (select * from extents_pro_hand_gath) as foo using unique ogc_fid using srid=27700"
        PROJECTION
            "init=epsg:27700"
        END
        METADATA
            "ows_title" "extents_pro_hand_gath"
            "gml_include_items" "all"
        END
        TOLERANCEUNITS pixels
        TOLERANCE 2
        TEMPLATE 'id.tmpl'
        STATUS OFF
        TYPE POLYGON
        UNITS METERS
        CLASS
            STYLE
                COLOR 255 0 0
            END
        END
    END

    LAYER
        NAME "extents_queen_scallops"
        INCLUDE "pgconnection.inc"
        DATA "wkb_geometry from (select * from extents_queen_scallops) as foo using unique ogc_fid using srid=27700"
        PROJECTION
            "init=epsg:27700"
        END
        METADATA
            "ows_title" "extents_queen_scallops"
            "gml_include_items" "all"
        END
        TOLERANCEUNITS pixels
        TOLERANCE 2
        TEMPLATE 'id.tmpl'
        STATUS OFF
        TYPE POLYGON
        UNITS METERS
        CLASS
            STYLE
                COLOR 255 0 0
            END
        END
    END

    LAYER
        NAME "extents_rsa_charterboats"
        INCLUDE "pgconnection.inc"
        DATA "wkb_geometry from (select * from extents_rsa_charterboats) as foo using unique ogc_fid using srid=27700"
        PROJECTION
            "init=epsg:27700"
        END
        METADATA
            "ows_title" "extents_rsa_charterboats"
            "gml_include_items" "all"
        END
        TOLERANCEUNITS pixels
        TOLERANCE 2
        TEMPLATE 'id.tmpl'
        STATUS OFF
        TYPE POLYGON
        UNITS METERS
        CLASS
            STYLE
                COLOR 255 0 0
            END
        END
    END

    LAYER
        NAME "extents_rsa_noncharter"
        INCLUDE "pgconnection.inc"
        DATA "wkb_geometry from (select * from extents_rsa_noncharter) as foo using unique ogc_fid using srid=27700"
        PROJECTION
            "init=epsg:27700"
        END
        METADATA
            "ows_title" "extents_rsa_noncharter"
            "gml_include_items" "all"
        END
        TOLERANCEUNITS pixels
        TOLERANCE 2
        TEMPLATE 'id.tmpl'
        STATUS OFF
        TYPE POLYGON
        UNITS METERS
        CLASS
            STYLE
                COLOR 255 0 0
            END
        END
    END

    LAYER
        NAME "extents_rsa_shore"
        INCLUDE "pgconnection.inc"
        DATA "wkb_geometry from (select * from extents_rsa_shore) as foo using unique ogc_fid using srid=27700"
        PROJECTION
            "init=epsg:27700"
        END
        METADATA
            "ows_title" "extents_rsa_shore"
            "gml_include_items" "all"
        END
        TOLERANCEUNITS pixels
        TOLERANCE 2
        TEMPLATE 'id.tmpl'
        STATUS OFF
        TYPE POLYGON
        UNITS METERS
        CLASS
            STYLE
                COLOR 255 0 0
            END
        END
    END

    LAYER
        NAME "sensvtyconf_lvls_cas_hand_gath"
        INCLUDE "pgconnection.inc"
        DATA "wkb_geometry from (select * from sensvtyconf_lvls_cas_hand_gath) as foo using unique ogc_fid using srid=27700"
        PROJECTION
            "init=epsg:27700"
        END
        METADATA
            "ows_title" "sensvtyconf_lvls_cas_hand_gath"
            "gml_include_items" "all"
        END
        TOLERANCEUNITS pixels
        TOLERANCE 2
        TEMPLATE 'id.tmpl'
        STATUS OFF
        TYPE POLYGON
        UNITS METERS
        CLASS
            STYLE
                COLOR 255 0 0
            END
        END
    END

    LAYER
        NAME "sensvtyconf_lvls_lot"
        INCLUDE "pgconnection.inc"
        DATA "wkb_geometry from (select * from sensvtyconf_lvls_lot) as foo using unique ogc_fid using srid=27700"
        PROJECTION
            "init=epsg:27700"
        END
        METADATA
            "ows_title" "sensvtyconf_lvls_lot"
            "gml_include_items" "all"
        END
        TOLERANCEUNITS pixels
        TOLERANCE 2
        TEMPLATE 'id.tmpl'
        STATUS OFF
        TYPE POLYGON
        UNITS METERS
        CLASS
            STYLE
                COLOR 255 0 0
            END
        END
    END

    LAYER
        NAME "sensvtyconf_lvls_mussels"
        INCLUDE "pgconnection.inc"
        DATA "wkb_geometry from (select * from sensvtyconf_lvls_mussels) as foo using unique ogc_fid using srid=27700"
        PROJECTION
            "init=epsg:27700"
        END
        METADATA
            "ows_title" "sensvtyconf_lvls_mussels"
            "gml_include_items" "all"
        END
        TOLERANCEUNITS pixels
        TOLERANCE 2
        TEMPLATE 'id.tmpl'
        STATUS OFF
        TYPE POLYGON
        UNITS METERS
        CLASS
            STYLE
                COLOR 255 0 0
            END
        END
    END

    LAYER
        NAME "sensvtyconf_lvls_nets"
        INCLUDE "pgconnection.inc"
        DATA "wkb_geometry from (select * from sensvtyconf_lvls_nets) as foo using unique ogc_fid using srid=27700"
        PROJECTION
            "init=epsg:27700"
        END
        METADATA
            "ows_title" "sensvtyconf_lvls_nets"
            "gml_include_items" "all"
        END
        TOLERANCEUNITS pixels
        TOLERANCE 2
        TEMPLATE 'id.tmpl'
        STATUS OFF
        TYPE POLYGON
        UNITS METERS
        CLASS
            STYLE
                COLOR 255 0 0
            END
        END
    END

    LAYER
        NAME "sensvtyconf_lvls_pro_hand_gath"
        INCLUDE "pgconnection.inc"
        DATA "wkb_geometry from (select * from sensvtyconf_lvls_pro_hand_gath) as foo using unique ogc_fid using srid=27700"
        PROJECTION
            "init=epsg:27700"
        END
        METADATA
            "ows_title" "sensvtyconf_lvls_pro_hand_gath"
            "gml_include_items" "all"
        END
        TOLERANCEUNITS pixels
        TOLERANCE 2
        TEMPLATE 'id.tmpl'
        STATUS OFF
        TYPE POLYGON
        UNITS METERS
        CLASS
            STYLE
                COLOR 255 0 0
            END
        END
    END

    LAYER
        NAME "sensvtyconf_lvls_rsa_charterboats"
        INCLUDE "pgconnection.inc"
        DATA "wkb_geometry from (select * from sensvtyconf_lvls_rsa_charterboats) as foo using unique ogc_fid using srid=27700"
        PROJECTION
            "init=epsg:27700"
        END
        METADATA
            "ows_title" "sensvtyconf_lvls_rsa_charterboats"
            "gml_include_items" "all"
        END
        TOLERANCEUNITS pixels
        TOLERANCE 2
        TEMPLATE 'id.tmpl'
        STATUS OFF
        TYPE POLYGON
        UNITS METERS
        CLASS
            STYLE
                COLOR 255 0 0
            END
        END
    END

    LAYER
        NAME "sensvtyconf_lvls_rsa_noncharter"
        INCLUDE "pgconnection.inc"
        DATA "wkb_geometry from (select * from sensvtyconf_lvls_rsa_noncharter) as foo using unique ogc_fid using srid=27700"
        PROJECTION
            "init=epsg:27700"
        END
        METADATA
            "ows_title" "sensvtyconf_lvls_rsa_noncharter"
            "gml_include_items" "all"
        END
        TOLERANCEUNITS pixels
        TOLERANCE 2
        TEMPLATE 'id.tmpl'
        STATUS OFF
        TYPE POLYGON
        UNITS METERS
        CLASS
            STYLE
                COLOR 255 0 0
            END
        END
    END

    LAYER
        NAME "sensvtyconf_lvls_rsa_shore"
        INCLUDE "pgconnection.inc"
        DATA "wkb_geometry from (select * from sensvtyconf_lvls_rsa_shore) as foo using unique ogc_fid using srid=27700"
        PROJECTION
            "init=epsg:27700"
        END
        METADATA
            "ows_title" "sensvtyconf_lvls_rsa_shore"
            "gml_include_items" "all"
        END
        TOLERANCEUNITS pixels
        TOLERANCE 2
        TEMPLATE 'id.tmpl'
        STATUS OFF
        TYPE POLYGON
        UNITS METERS
        CLASS
            STYLE
                COLOR 255 0 0
            END
        END
    END

    LAYER
        NAME "sensvtyconf_lvls_scallops"
        INCLUDE "pgconnection.inc"
        DATA "wkb_geometry from (select * from sensvtyconf_lvls_scallops) as foo using unique ogc_fid using srid=27700"
        PROJECTION
            "init=epsg:27700"
        END
        METADATA
            "ows_title" "sensvtyconf_lvls_scallops"
            "gml_include_items" "all"
        END
        TOLERANCEUNITS pixels
        TOLERANCE 2
        TEMPLATE 'id.tmpl'
        STATUS OFF
        TYPE POLYGON
        UNITS METERS
        CLASS
            STYLE
                COLOR 255 0 0
            END
        END
    END

    LAYER
        NAME "vessels_lvls_project_gen"
        INCLUDE "pgconnection.inc"
        DATA "wkb_geometry from (select *, num AS _overlaps from fishmap.vessels_project_gen('%FISHING%', %COUNT%, '%WKT%')) as foo using unique ogc_fid using srid=27700"
        VALIDATION
            'FISHING' '^[a-z_]+$'
            'COUNT' '^[0-9]+$'
            'WKT' '.*'
        END
        PROJECTION
            "init=epsg:27700"
        END
        METADATA
            "ows_title" "vessels_lvls_project_gen"
            "gml_include_items" "all"
        END
        TOLERANCEUNITS pixels
        TOLERANCE 2
        TEMPLATE 'id.tmpl'
        STATUS OFF
        TYPE POLYGON
        UNITS METERS
        CLASS
            STYLE
                COLOR 255 0 0
            END
        END
    END
    
    LAYER
        NAME "vessels_lvls_project_det"
        INCLUDE "pgconnection.inc"
        DATA "wkb_geometry from (select *, num AS _overlaps from fishmap.vessels_project_det('%FISHING%', %COUNT%, '%WKT%')) as foo using unique ogc_fid using srid=27700"
        VALIDATION
            'FISHING' '^[a-z_]+$'
            'COUNT' '^[0-9]+$'
            'WKT' '.*'
        END
        PROJECTION
            "init=epsg:27700"
        END
        METADATA
            "ows_title" "vessels_lvls_project_det"
            "gml_include_items" "all"
        END
        TOLERANCEUNITS pixels
        TOLERANCE 2
        TEMPLATE 'id.tmpl'
        STATUS OFF
        TYPE POLYGON
        UNITS METERS
        CLASS
            STYLE
                COLOR 255 0 0
            END
        END
    END
