MAP
    CONFIG PROJ_LIB "/usr/share/proj"
    PROJECTION
        "init=epsg:27700"
    END
    EXTENT -3276800 -3276800 3276800 3276800
    FONTSET "fonts/fonts.list"
    TEMPLATEPATTERN "."
    SYMBOLSET "symbols/symbols.sym"
    SHAPEPATH "../../data"
    SIZE 1500 1500
    MAXSIZE 8192
    STATUS ON
    UNITS METERS
    CONFIG MS_ERRORFILE "/var/log/mapserver/fishmap.log"
    NAME "FishMapOverlays"

    WEB
        METADATA
            WMS_TITLE "FishMap Overlays"
            AUTHOR "Astun Technology Ltd - www.astuntechnology.com"
            WMS_SRS "EPSG:27700"
            "ows_enable_request"   "*"
            "wms_feature_info_mime_type" "text/csv,text/html"
        END
        IMAGEPATH "/tmp/"
        IMAGEURL ""
        LOG "/var/log/mapserver/fishmap-web.log"
        TEMPLATE "globexml.xml"
    END

    # IMAGETYPE png 
    OUTPUTFORMAT 
        NAME png
        MIMETYPE "image/png" 
        DRIVER "AGG/PNG" 
        EXTENSION "png" 
        IMAGEMODE RGB
        FORMATOPTION "INTERLACE=OFF" 
    END

    QUERYMAP
        COLOR 255 255 0
        SIZE -1 -1
        STATUS ON
        STYLE HILITE
    END

    LEGEND
        STATUS ON
        KEYSIZE 18 12
        # LABEL object
        LABEL
            TYPE TRUETYPE
            FONT Arial
            SIZE 10
            COLOR 0 0 89
        END
    END

    LAYER
        NAME "habitats"
        INCLUDE "pgconnection.inc"
        DATA "wkb_geometry from (select * from habitats) as foo using unique ogc_fid using srid=27700"
        PROJECTION
            "init=epsg:27700"
        END
        METADATA
            "ows_title" "Habitats"
            "gml_include_items" "all"
            "gml_geometries" "none"
        END
        TOLERANCEUNITS pixels
        TOLERANCE 0
        TEMPLATE 'id.tmpl'
        STATUS OFF
        TYPE POLYGON
        UNITS METERS
        CLASS
            STYLE
                COLOR 0 255 0
            END
        END
    END

    LAYER
        NAME "habitats_confidence"
        INCLUDE "pgconnection.inc"
        DATA "wkb_geometry from (select * from habitats) as foo using unique ogc_fid using srid=27700"
        PROJECTION
            "init=epsg:27700"
        END
        METADATA
            "ows_title" "Habitats Confidence"
            "gml_include_items" "all"
            "gml_geometries" "none"
        END
        TOLERANCEUNITS pixels
        TOLERANCE 0
        TEMPLATE 'id.tmpl'
        STATUS OFF
        TYPE POLYGON
        UNITS METERS
        CLASS
            STYLE
                COLOR 255 0 0
            END
        END
    END

    LAYER
        NAME "restricted_closed_scalloping"
        INCLUDE "pgconnection.inc"
        DATA "wkb_geometry from (select * from restricted_closed_scalloping) as foo using unique ogc_fid using srid=27700"
        PROJECTION
            "init=epsg:27700"
        END
        METADATA
            "ows_title" "Areas closed to Scalloping"
            "gml_include_items" "all"
            "gml_geometries" "none"
        END
        TOLERANCEUNITS pixels
        TOLERANCE 2
        TEMPLATE 'id.tmpl'
        STATUS OFF
        TYPE POLYGON
        UNITS METERS
        OPACITY 50
        CLASS
            STYLE
                COLOR 255 0 0
                OPACITY 50
            END
        END
    END

    LAYER
        NAME "several_and_regulatory_orders"
        INCLUDE "pgconnection.inc"
        DATA "wkb_geometry from (select * from several_and_regulatory_orders) as foo using unique ogc_fid using srid=27700"
        PROJECTION
            "init=epsg:27700"
        END
        METADATA
            "ows_title" "Several and regulatory orders"
            "gml_include_items" "all"
            "gml_geometries" "none"
        END
        TOLERANCEUNITS pixels
        TOLERANCE 2
        TEMPLATE 'id.tmpl'
        STATUS OFF
        TYPE POLYGON
        UNITS METERS
        OPACITY 50
        CLASS
            STYLE
                COLOR 255 0 0
                OPACITY 50
            END
        END
    END

    LAYER
        NAME "activity_commercial_fishing_polygon"
        INCLUDE "pgconnection.inc"
        DATA "wkb_geometry from (select * from activity_commercial_fishing_polygon) as foo using unique ogc_fid using srid=27700"
        PROJECTION
            "init=epsg:27700"
        END
        METADATA
            "ows_title" "activity_commercial_fishing_polygon"
            "gml_include_items" "all"
            "gml_geometries" "none"
        END
        TOLERANCEUNITS pixels
        TOLERANCE 2
        TEMPLATE 'id.tmpl'
        STATUS OFF
        TYPE POLYGON
        UNITS METERS
        OPACITY 50
        CLASS
            STYLE
                COLOR 255 0 0
                OPACITY 50
            END
        END
    END

    LAYER
        NAME "activity_noncommercial_fishing_point"
        INCLUDE "pgconnection.inc"
        DATA "wkb_geometry from (select * from activity_noncommercial_fishing_point) as foo using unique ogc_fid using srid=27700"
        PROJECTION
            "init=epsg:27700"
        END
        METADATA
            "ows_title" "activity_noncommercial_fishing_point"
            "gml_include_items" "all"
            "gml_geometries" "none"
        END
        TOLERANCEUNITS pixels
        TOLERANCE 20
        TEMPLATE 'id.tmpl'
        STATUS OFF
        TYPE POINT
        UNITS METERS
        OPACITY 50
        CLASS
            STYLE
                COLOR 255 0 0
                OUTLINECOLOR 255 0 0
                SYMBOL "circle"
                SIZE 12
                OPACITY 50
            END
        END
    END

    LAYER
        NAME "activity_noncommercial_fishing_polygon"
        INCLUDE "pgconnection.inc"
        DATA "wkb_geometry from (select * from activity_noncommercial_fishing_polygon) as foo using unique ogc_fid using srid=27700"
        PROJECTION
            "init=epsg:27700"
        END
        METADATA
            "ows_title" "activity_noncommercial_fishing_polygon"
            "gml_include_items" "all"
            "gml_geometries" "none"
        END
        TOLERANCEUNITS pixels
        TOLERANCE 2
        TEMPLATE 'id.tmpl'
        STATUS OFF
        TYPE POLYGON
        UNITS METERS
        OPACITY 50
        CLASS
            STYLE
                COLOR 0 255 0
                OPACITY 50
            END
        END
    END

    LAYER
        NAME "national_limits"
        INCLUDE "pgconnection.inc"
        DATA "wkb_geometry from (select * from national_limits where catlmt = 'Normal Baseline' and lmtdis in (1, 3, 6, 9, 12) and szfeatcode in (5400, 13500, 29900)) as foo using unique ogc_fid using srid=4326"
        PROJECTION
            "init=epsg:4326"
        END
        METADATA
            "ows_title" "National Limits"
            "gml_include_items" "all"
            "gml_geometries" "none"
        END
        TOLERANCEUNITS pixels
        TOLERANCE 2
        TEMPLATE 'id.tmpl'
        STATUS ON
        TYPE LINE
        UNITS METERS
        OPACITY 50
        LABELITEM "szlabel"
        CLASS
            STYLE
                OUTLINECOLOR 128 128 204
            END
            LABEL
                FONT "arial"
                TYPE TRUETYPE
                COLOR 128 128 204
                OUTLINECOLOR 255 255 255
                OUTLINEWIDTH 4
                SIZE 8
                POSITION CC
                ANGLE FOLLOW
                FORCE TRUE
                TEXT "[lmtdis] NM"
                REPEATDISTANCE 80
            END
        END
    END

    LAYER
        NAME "wrecks"
        INCLUDE "pgconnection.inc"
        DATA "wkb_geometry from (select * from wrecks where st_geometrytype(wkb_geometry) = 'ST_Point') as foo using unique ogc_fid using srid=4326"
        PROJECTION
            "init=epsg:4326"
        END
        METADATA
            "ows_title" "Wrecks Point"
            "gml_include_items" "all"
            "gml_geometries" "none"
        END
        TOLERANCEUNITS pixels
        TOLERANCE 6
        TEMPLATE 'id.tmpl'
        STATUS OFF
        TYPE POINT
        UNITS METERS
        CLASS
            SYMBOL "wreck"
            COLOR 0 0 0
            SIZE 40
        END
    END
 
    # ---- Protected Sites ----

    LAYER
        NAME "sac_features"
        INCLUDE "pgconnection.inc"
        # NOTE: Calculated draw_order column used to sort the features and
        # influence the draw order within the layer. I don't think this is
        # guaranteed but on inspection it works with MapServer v5.6
        DATA "wkb_geometry from (select * from (select *, CASE feature_type WHEN 'Shallow Inlets and Bays' THEN 0 WHEN 'Mud and Sand Flats' THEN 1 WHEN 'Sandbanks' THEN 2 WHEN 'Reefs' THEN 3 WHEN 'Sea Caves' THEN 4 END as draw_order from sac_features) as sac_feat order by draw_order) as foo using unique ogc_fid using srid=27700"
        PROJECTION
            "init=epsg:27700"
        END
        METADATA
            "ows_title" "SAC Features"
            "gml_include_items" "all"
            "gml_geometries" "none"
        END
        TOLERANCEUNITS pixels
        TOLERANCE 1
        TEMPLATE 'id.tmpl'
        STATUS OFF
        TYPE POLYGON
        UNITS METERS
        CLASS
            STYLE
                COLOR 255 0 0
            END
        END
    END

    LAYER
        NAME "ramsar"
        INCLUDE "pgconnection.inc"
        DATA "wkb_geometry from (select * from ramsar) as foo using unique ogc_fid using srid=27700"
        PROJECTION
            "init=epsg:27700"
        END
        METADATA
            "ows_title" "ramsar"
            "gml_include_items" "all"
            "gml_geometries" "none"
        END
        TOLERANCEUNITS pixels
        TOLERANCE 1
        TEMPLATE 'id.tmpl'
        STATUS OFF
        TYPE POLYGON
        UNITS METERS
        CLASS
            STYLE
                COLOR 255 0 0
            END
        END
    END

    LAYER
        NAME "sac"
        INCLUDE "pgconnection.inc"
        DATA "wkb_geometry from (select * from sac) as foo using unique ogc_fid using srid=27700"
        PROJECTION
            "init=epsg:27700"
        END
        METADATA
            "ows_title" "sac"
            "gml_include_items" "all"
            "gml_geometries" "none"
        END
        TOLERANCEUNITS pixels
        TOLERANCE 1
        TEMPLATE 'id.tmpl'
        STATUS OFF
        TYPE POLYGON
        UNITS METERS
        CLASS
            STYLE
                COLOR 255 0 0
            END
        END
    END

    LAYER
        NAME "spa"
        INCLUDE "pgconnection.inc"
        DATA "wkb_geometry from (select * from spa) as foo using unique ogc_fid using srid=27700"
        PROJECTION
            "init=epsg:27700"
        END
        METADATA
            "ows_title" "spa"
            "gml_include_items" "all"
            "gml_geometries" "none"
        END
        TOLERANCEUNITS pixels
        TOLERANCE 1
        TEMPLATE 'id.tmpl'
        STATUS OFF
        TYPE POLYGON
        UNITS METERS
        CLASS
            STYLE
                COLOR 255 0 0
            END
        END
    END

    LAYER
        NAME "sssi"
        INCLUDE "pgconnection.inc"
        DATA "wkb_geometry from (select * from sssi) as foo using unique ogc_fid using srid=27700"
        PROJECTION
            "init=epsg:27700"
        END
        METADATA
            "ows_title" "sssi"
            "gml_include_items" "all"
            "gml_geometries" "none"
        END
        TOLERANCEUNITS pixels
        TOLERANCE 1
        TEMPLATE 'id.tmpl'
        STATUS OFF
        TYPE POLYGON
        UNITS METERS
        CLASS
            STYLE
                COLOR 255 0 0
            END
        END
    END

    # ---- Project Outputs (Intensity, Vessels and Sensitivity Layers) ----
    INCLUDE "fishmap_outputs.map"

    LAYER
        NAME "mask"
        INCLUDE "pgconnection.inc"
        DATA "wkb_geometry from (select * from mask) as foo using unique ogc_fid using srid=27700"
        PROJECTION
            "init=epsg:27700"
        END
        METADATA
            ows_title "Mask"
        END
        STATUS OFF
        TOLERANCE 2
        TEMPLATE 'id.tmpl'
        TYPE POLYGON
        UNITS METERS
        CLASS
            STYLE
                COLOR 255 255 255
            END
        END
    END

    LAYER
        NAME "project_area"
        INCLUDE "pgconnection.inc"
        DATA "wkb_geometry from (select * from project_area) as foo using unique ogc_fid using srid=27700"
        PROJECTION
            "init=epsg:27700"
        END
        METADATA
            ows_title "Project Area"
        END
        STATUS OFF
        TOLERANCE 2
        TEMPLATE 'id.tmpl'
        TYPE LINE
        UNITS METERS
        CLASS
            STYLE
                COLOR 0 0 95
                WIDTH 2
            END
        END
    END

END
