    LAYER
        NAME "intensity_lvls_official_gen"
        INCLUDE "pgconnection.inc"
        DATA "wkb_geometry from (select * from intensity_lvls_%FISHING%_gen) as foo using unique ogc_fid using srid=27700"
        VALIDATION
            'FISHING' '^[a-z_]+$'
        END
        PROJECTION
            "init=epsg:27700"
        END
        METADATA
            "ows_title" "intensity_lvls_official_gen"
            "gml_include_items" "all"
            "gml_geometries" "none"
        END
        TOLERANCEUNITS pixels
        TOLERANCE 0
        TEMPLATE 'id.tmpl'
        STATUS OFF
        TYPE POLYGON
        UNITS METERS
        CLASS
            STYLE
                COLOR 255 0 0
            END
        END
    END

    LAYER
        NAME "intensity_lvls_official_det"
        INCLUDE "pgconnection.inc"
        DATA "wkb_geometry from (select * from intensity_lvls_%FISHING%_det) as foo using unique ogc_fid using srid=27700"
        VALIDATION
            'FISHING' '^[a-z_]+$'
        END
        PROJECTION
            "init=epsg:27700"
        END
        METADATA
            "ows_title" "intensity_lvls_official_det"
            "gml_include_items" "all"
            "gml_geometries" "none"
        END
        TOLERANCEUNITS pixels
        TOLERANCE 0
        TEMPLATE 'id.tmpl'
        STATUS OFF
        TYPE POLYGON
        UNITS METERS
        CLASS
            STYLE
                COLOR 255 0 0
            END
        END
    END

    LAYER
        NAME "vessels_lvls_official_gen"
        INCLUDE "pgconnection.inc"
        DATA "wkb_geometry from (select * from intensity_lvls_%FISHING%_gen) as foo using unique ogc_fid using srid=27700"
        VALIDATION
            'FISHING' '^[a-z_]+$'
        END
        PROJECTION
            "init=epsg:27700"
        END
        METADATA
            "ows_title" "vessels_lvls_official_gen"
            "gml_include_items" "all"
            "gml_geometries" "none"
        END
        TOLERANCEUNITS pixels
        TOLERANCE 0
        TEMPLATE 'id.tmpl'
        STATUS OFF
        TYPE POLYGON
        UNITS METERS
        CLASS
            STYLE
                COLOR 255 0 0
            END
        END
    END

    LAYER
        NAME "vessels_lvls_official_det"
        INCLUDE "pgconnection.inc"
        DATA "wkb_geometry from (select * from intensity_lvls_%FISHING%_det) as foo using unique ogc_fid using srid=27700"
        VALIDATION
            'FISHING' '^[a-z_]+$'
        END
        PROJECTION
            "init=epsg:27700"
        END
        METADATA
            "ows_title" "vessels_lvls_official_det"
            "gml_include_items" "all"
            "gml_geometries" "none"
        END
        TOLERANCEUNITS pixels
        TOLERANCE 0
        TEMPLATE 'id.tmpl'
        STATUS OFF
        TYPE POLYGON
        UNITS METERS
        CLASS
            STYLE
                COLOR 255 0 0
            END
        END
    END

    LAYER
        NAME "sensitivity_lvls_official_gen"
        INCLUDE "pgconnection.inc"
        DATA "wkb_geometry from (select * from sensitivity_lvls_%FISHING%_gen) as foo using unique ogc_fid using srid=27700"
        VALIDATION
            'FISHING' '^[a-z_]+$'
        END
        PROJECTION
            "init=epsg:27700"
        END
        METADATA
            "ows_title" "sensitivity_lvls_official_gen"
            "gml_include_items" "all"
            "gml_geometries" "none"
        END
        TOLERANCEUNITS pixels
        TOLERANCE 0
        TEMPLATE 'id.tmpl'
        STATUS OFF
        TYPE POLYGON
        UNITS METERS
        CLASS
            STYLE
                COLOR 255 0 0
            END
        END
    END
    
    LAYER
        NAME "sensitivity_lvls_official_det"
        INCLUDE "pgconnection.inc"
        DATA "wkb_geometry from (select * from sensitivity_lvls_%FISHING%_det) as foo using unique ogc_fid using srid=27700"
        VALIDATION
            'FISHING' '^[a-z_]+$'
        END
        PROJECTION
            "init=epsg:27700"
        END
        METADATA
            "ows_title" "sensitivity_lvls_official_det"
            "gml_include_items" "all"
            "gml_geometries" "none"
        END
        TOLERANCEUNITS pixels
        TOLERANCE 0
        TEMPLATE 'id.tmpl'
        STATUS OFF
        TYPE POLYGON
        UNITS METERS
        CLASS
            STYLE
                COLOR 255 0 0
            END
        END
    END

    LAYER
        NAME "extents_king_scallops"
        INCLUDE "pgconnection.inc"
        DATA "wkb_geometry from (select * from extents_king_scallops) as foo using unique ogc_fid using srid=27700"
        PROJECTION
            "init=epsg:27700"
        END
        METADATA
            "ows_title" "extents_king_scallops"
            "gml_include_items" "all"
            "gml_geometries" "none"
        END
        TOLERANCEUNITS pixels
        TOLERANCE 0
        TEMPLATE 'id.tmpl'
        STATUS OFF
        TYPE POLYGON
        UNITS METERS
        CLASS
            STYLE
                COLOR 255 0 0
            END
        END
    END

    LAYER
        NAME "extents_lot"
        INCLUDE "pgconnection.inc"
        DATA "wkb_geometry from (select * from extents_lot) as foo using unique ogc_fid using srid=27700"
        PROJECTION
            "init=epsg:27700"
        END
        METADATA
            "ows_title" "extents_lot"
            "gml_include_items" "all"
            "gml_geometries" "none"
        END
        TOLERANCEUNITS pixels
        TOLERANCE 0
        TEMPLATE 'id.tmpl'
        STATUS OFF
        TYPE POLYGON
        UNITS METERS
        CLASS
            STYLE
                COLOR 255 0 0
            END
        END
    END

    LAYER
        NAME "extents_mussels"
        INCLUDE "pgconnection.inc"
        DATA "wkb_geometry from (select * from extents_mussels) as foo using unique ogc_fid using srid=27700"
        PROJECTION
            "init=epsg:27700"
        END
        METADATA
            "ows_title" "extents_mussels"
            "gml_include_items" "all"
            "gml_geometries" "none"
        END
        TOLERANCEUNITS pixels
        TOLERANCE 0
        TEMPLATE 'id.tmpl'
        STATUS OFF
        TYPE POLYGON
        UNITS METERS
        CLASS
            STYLE
                COLOR 255 0 0
            END
        END
    END

    LAYER
        NAME "extents_nets"
        INCLUDE "pgconnection.inc"
        DATA "wkb_geometry from (select * from extents_nets) as foo using unique ogc_fid using srid=27700"
        PROJECTION
            "init=epsg:27700"
        END
        METADATA
            "ows_title" "extents_nets"
            "gml_include_items" "all"
            "gml_geometries" "none"
        END
        TOLERANCEUNITS pixels
        TOLERANCE 0
        TEMPLATE 'id.tmpl'
        STATUS OFF
        TYPE POLYGON
        UNITS METERS
        CLASS
            STYLE
                COLOR 255 0 0
            END
        END
    END

    LAYER
        NAME "extents_pots_commercial"
        INCLUDE "pgconnection.inc"
        DATA "wkb_geometry from (select * from extents_pots_commercial) as foo using unique ogc_fid using srid=27700"
        PROJECTION
            "init=epsg:27700"
        END
        METADATA
            "ows_title" "extents_pots_commercial"
            "gml_include_items" "all"
            "gml_geometries" "none"
        END
        TOLERANCEUNITS pixels
        TOLERANCE 0
        TEMPLATE 'id.tmpl'
        STATUS OFF
        TYPE POLYGON
        UNITS METERS
        CLASS
            STYLE
                COLOR 255 0 0
            END
        END
    END

    LAYER
        NAME "extents_pots_recreational"
        INCLUDE "pgconnection.inc"
        DATA "wkb_geometry from (select * from extents_pots_recreational) as foo using unique ogc_fid using srid=27700"
        PROJECTION
            "init=epsg:27700"
        END
        METADATA
            "ows_title" "extents_pots_recreational"
            "gml_include_items" "all"
            "gml_geometries" "none"
        END
        TOLERANCEUNITS pixels
        TOLERANCE 0
        TEMPLATE 'id.tmpl'
        STATUS OFF
        TYPE POLYGON
        UNITS METERS
        CLASS
            STYLE
                COLOR 255 0 0
            END
        END
    END

    LAYER
        NAME "extents_pots_combined"
        INCLUDE "pgconnection.inc"
        DATA "wkb_geometry from (select * from extents_pots_combined) as foo using unique ogc_fid using srid=27700"
        PROJECTION
            "init=epsg:27700"
        END
        METADATA
            "ows_title" "extents_pots_combined"
            "gml_include_items" "all"
            "gml_geometries" "none"
        END
        TOLERANCEUNITS pixels
        TOLERANCE 0
        TEMPLATE 'id.tmpl'
        STATUS OFF
        TYPE POLYGON
        UNITS METERS
        CLASS
            STYLE
                COLOR 255 0 0
            END
        END
    END

    LAYER
        NAME "extents_cas_hand_gath"
        INCLUDE "pgconnection.inc"
        DATA "wkb_geometry from (select * from extents_cas_hand_gath) as foo using unique ogc_fid using srid=27700"
        PROJECTION
            "init=epsg:27700"
        END
        METADATA
            "ows_title" "extents_cas_hand_gath"
            "gml_include_items" "all"
            "gml_geometries" "none"
        END
        TOLERANCEUNITS pixels
        TOLERANCE 0
        TEMPLATE 'id.tmpl'
        STATUS OFF
        TYPE POLYGON
        UNITS METERS
        CLASS
            STYLE
                COLOR 255 0 0
            END
        END
    END

    LAYER
        NAME "extents_pro_hand_gath"
        INCLUDE "pgconnection.inc"
        DATA "wkb_geometry from (select * from extents_pro_hand_gath) as foo using unique ogc_fid using srid=27700"
        PROJECTION
            "init=epsg:27700"
        END
        METADATA
            "ows_title" "extents_pro_hand_gath"
            "gml_include_items" "all"
            "gml_geometries" "none"
        END
        TOLERANCEUNITS pixels
        TOLERANCE 0
        TEMPLATE 'id.tmpl'
        STATUS OFF
        TYPE POLYGON
        UNITS METERS
        CLASS
            STYLE
                COLOR 255 0 0
            END
        END
    END

    LAYER
        NAME "extents_queen_scallops"
        INCLUDE "pgconnection.inc"
        DATA "wkb_geometry from (select * from extents_queen_scallops) as foo using unique ogc_fid using srid=27700"
        PROJECTION
            "init=epsg:27700"
        END
        METADATA
            "ows_title" "extents_queen_scallops"
            "gml_include_items" "all"
            "gml_geometries" "none"
        END
        TOLERANCEUNITS pixels
        TOLERANCE 0
        TEMPLATE 'id.tmpl'
        STATUS OFF
        TYPE POLYGON
        UNITS METERS
        CLASS
            STYLE
                COLOR 255 0 0
            END
        END
    END

    LAYER
        NAME "extents_rsa_charterboats"
        INCLUDE "pgconnection.inc"
        DATA "wkb_geometry from (select * from extents_rsa_charterboats) as foo using unique ogc_fid using srid=27700"
        PROJECTION
            "init=epsg:27700"
        END
        METADATA
            "ows_title" "extents_rsa_charterboats"
            "gml_include_items" "all"
            "gml_geometries" "none"
        END
        TOLERANCEUNITS pixels
        TOLERANCE 0
        TEMPLATE 'id.tmpl'
        STATUS OFF
        TYPE POLYGON
        UNITS METERS
        CLASS
            STYLE
                COLOR 255 0 0
            END
        END
    END

    LAYER
        NAME "extents_rsa_noncharter"
        INCLUDE "pgconnection.inc"
        DATA "wkb_geometry from (select * from extents_rsa_noncharter) as foo using unique ogc_fid using srid=27700"
        PROJECTION
            "init=epsg:27700"
        END
        METADATA
            "ows_title" "extents_rsa_noncharter"
            "gml_include_items" "all"
            "gml_geometries" "none"
        END
        TOLERANCEUNITS pixels
        TOLERANCE 0
        TEMPLATE 'id.tmpl'
        STATUS OFF
        TYPE POLYGON
        UNITS METERS
        CLASS
            STYLE
                COLOR 255 0 0
            END
        END
    END

    LAYER
        NAME "extents_rsa_combined"
        INCLUDE "pgconnection.inc"
        DATA "wkb_geometry from (select * from extents_rsa_combined) as foo using unique ogc_fid using srid=27700"
        PROJECTION
            "init=epsg:27700"
        END
        METADATA
            "ows_title" "extents_rsa_combined"
            "gml_include_items" "all"
            "gml_geometries" "none"
        END
        TOLERANCEUNITS pixels
        TOLERANCE 0
        TEMPLATE 'id.tmpl'
        STATUS OFF
        TYPE POLYGON
        UNITS METERS
        CLASS
            STYLE
                COLOR 255 0 0
            END
        END
    END

    LAYER
        NAME "extents_rsa_shore"
        INCLUDE "pgconnection.inc"
        DATA "wkb_geometry from (select * from extents_rsa_shore) as foo using unique ogc_fid using srid=27700"
        PROJECTION
            "init=epsg:27700"
        END
        METADATA
            "ows_title" "extents_rsa_shore"
            "gml_include_items" "all"
            "gml_geometries" "none"
        END
        TOLERANCEUNITS pixels
        TOLERANCE 0
        TEMPLATE 'id.tmpl'
        STATUS OFF
        TYPE POLYGON
        UNITS METERS
        CLASS
            STYLE
                COLOR 255 0 0
            END
        END
    END

    LAYER
        NAME "sensvtyconf_lvls_official"
        INCLUDE "pgconnection.inc"
        DATA "wkb_geometry from (select * from sensvtyconf_lvls_%FISHING%) as foo using unique ogc_fid using srid=27700"
        VALIDATION
            'FISHING' '^[a-z_]+$'
        END
        PROJECTION
            "init=epsg:27700"
        END
        METADATA
            "ows_title" "sensvtyconf_lvls_official"
            "gml_include_items" "all"
            "gml_geometries" "none"
        END
        TOLERANCEUNITS pixels
        TOLERANCE 0
        TEMPLATE 'id.tmpl'
        STATUS OFF
        TYPE POLYGON
        UNITS METERS
        CLASS
            STYLE
                COLOR 255 0 0
            END
        END
    END

    LAYER
        NAME "vessels_lvls_scenario_gen"
        INCLUDE "pgconnection.inc"
        DATA "wkb_geometry from (select *, num AS _overlaps from fishmap.vessels_project_gen('%FISHING%', %COUNT%, '%WKT%', false)) as new_only using unique ogc_fid using srid=27700"
        VALIDATION
            'FISHING' '^[a-z_]+$'
            'COUNT' '^[0-9]+$'
            'WKT' '.*'
        END
        PROJECTION
            "init=epsg:27700"
        END
        METADATA
            "ows_title" "vessels_lvls_scenario_gen"
            "gml_include_items" "all"
            "gml_geometries" "none"
        END
        TOLERANCEUNITS pixels
        TOLERANCE 0
        TEMPLATE 'id.tmpl'
        STATUS OFF
        TYPE POLYGON
        UNITS METERS
        CLASS
            STYLE
                COLOR 255 0 0
            END
        END
    END

    LAYER
        NAME "vessels_lvls_combined_gen"
        INCLUDE "pgconnection.inc"
        DATA "wkb_geometry from (select *, num AS _overlaps from fishmap.vessels_project_gen('%FISHING%', %COUNT%, '%WKT%', true)) as new_only using unique ogc_fid using srid=27700"
        VALIDATION
            'FISHING' '^[a-z_]+$'
            'COUNT' '^[0-9]+$'
            'WKT' '.*'
        END
        PROJECTION
            "init=epsg:27700"
        END
        METADATA
            "ows_title" "vessels_lvls_combined_gen"
            "gml_include_items" "all"
            "gml_geometries" "none"
        END
        TOLERANCEUNITS pixels
        TOLERANCE 0
        TEMPLATE 'id.tmpl'
        STATUS OFF
        TYPE POLYGON
        UNITS METERS
        CLASS
            STYLE
                COLOR 255 0 0
            END
        END
    END

    LAYER
        NAME "vessels_lvls_scenario_det"
        INCLUDE "pgconnection.inc"
        DATA "wkb_geometry from (select *, num AS _overlaps from fishmap.vessels_project_det('%FISHING%', %COUNT%, '%WKT%', false)) as new_only using unique ogc_fid using srid=27700"
        VALIDATION
            'FISHING' '^[a-z_]+$'
            'COUNT' '^[0-9]+$'
            'WKT' '.*'
        END
        PROJECTION
            "init=epsg:27700"
        END
        METADATA
            "ows_title" "vessels_lvls_scenario_det"
            "gml_include_items" "all"
            "gml_geometries" "none"
        END
        TOLERANCEUNITS pixels
        TOLERANCE 0
        TEMPLATE 'id.tmpl'
        STATUS OFF
        TYPE POLYGON
        UNITS METERS
        CLASS
            STYLE
                COLOR 255 0 0
            END
        END
    END

    LAYER
        NAME "vessels_lvls_combined_det"
        INCLUDE "pgconnection.inc"
        DATA "wkb_geometry from (select *, num AS _overlaps from fishmap.vessels_project_det('%FISHING%', %COUNT%, '%WKT%', true)) as new_only using unique ogc_fid using srid=27700"
        VALIDATION
            'FISHING' '^[a-z_]+$'
            'COUNT' '^[0-9]+$'
            'WKT' '.*'
        END
        PROJECTION
            "init=epsg:27700"
        END
        METADATA
            "ows_title" "vessels_lvls_combined_det"
            "gml_include_items" "all"
            "gml_geometries" "none"
        END
        TOLERANCEUNITS pixels
        TOLERANCE 0
        TEMPLATE 'id.tmpl'
        STATUS OFF
        TYPE POLYGON
        UNITS METERS
        CLASS
            STYLE
                COLOR 255 0 0
            END
        END
    END

    LAYER
        NAME "intensity_lvls_scenario_det"
        INCLUDE "pgconnection.inc"
        DATA "wkb_geometry from (select * FROM fishmap.project_intensity_lvls_new_det('%FISHING%'::text, '%WKT%'::text, %ARG1%::numeric, %ARG2%::numeric, %ARG3%::numeric, %ARG4%::numeric, %ARG5%::numeric, %ARG6%::numeric)) as levels using unique ogc_fid using srid=27700"
    VALIDATION
            'FISHING' '^[a-z_]+$'
            'WKT' '.*'
            'ARG1' '^[0-9]+(\.[0-9]+)?$'
            'default_ARG1' 'null'
            'ARG2' '^[0-9]+(\.[0-9]+)?$'
            'default_ARG2' 'null'
            'ARG3' '^[0-9]+(\.[0-9]+)?$'
            'default_ARG3' 'null'
            'ARG4' '^[0-9]+(\.[0-9]+)?$'
            'default_ARG4' 'null'
            'ARG5' '^[0-9]+(\.[0-9]+)?$'
            'default_ARG5' 'null'
            'ARG6' '^[0-9]+(\.[0-9]+)?$'
            'default_ARG6' 'null'
        END
        PROJECTION
            "init=epsg:27700"
        END
        METADATA
            "ows_title" "intensity_lvls_scenario_det"
            "gml_include_items" "all"
            "gml_geometries" "none"
        END
        TOLERANCEUNITS pixels
        TOLERANCE 0
        TEMPLATE 'id.tmpl'
        STATUS OFF
        TYPE POLYGON
        UNITS METERS
        CLASS
            STYLE
                COLOR 255 0 0
            END
        END
    END

    LAYER
        NAME "intensity_lvls_scenario_gen"
        INCLUDE "pgconnection.inc"
        DATA "wkb_geometry from (select * FROM fishmap.project_intensity_lvls_new_gen('%FISHING%'::text, '%WKT%'::text, %ARG1%::numeric, %ARG2%::numeric, %ARG3%::numeric, %ARG4%::numeric, %ARG5%::numeric, %ARG6%::numeric)) as levels using unique ogc_fid using srid=27700"
    VALIDATION
            'FISHING' '^[a-z_]+$'
            'WKT' '.*'
            'ARG1' '^[0-9]+(\.[0-9]+)?$'
            'default_ARG1' 'null'
            'ARG2' '^[0-9]+(\.[0-9]+)?$'
            'default_ARG2' 'null'
            'ARG3' '^[0-9]+(\.[0-9]+)?$'
            'default_ARG3' 'null'
            'ARG4' '^[0-9]+(\.[0-9]+)?$'
            'default_ARG4' 'null'
            'ARG5' '^[0-9]+(\.[0-9]+)?$'
            'default_ARG5' 'null'
            'ARG6' '^[0-9]+(\.[0-9]+)?$'
            'default_ARG6' 'null'
        END
        PROJECTION
            "init=epsg:27700"
        END
        METADATA
            "ows_title" "intensity_lvls_scenario_gen"
            "gml_include_items" "all"
            "gml_geometries" "none"
        END
        TOLERANCEUNITS pixels
        TOLERANCE 0
        TEMPLATE 'id.tmpl'
        STATUS OFF
        TYPE POLYGON
        UNITS METERS
        CLASS
            STYLE
                COLOR 255 0 0
            END
        END
    END

    LAYER
        NAME "intensity_lvls_combined_det"
        # DEBUG 5
        INCLUDE "pgconnection.inc"
        DATA "wkb_geometry from (select * FROM fishmap.project_intensity_lvls_combined_det('%FISHING%'::text, '%WKT%'::text, %ARG1%::numeric, %ARG2%::numeric, %ARG3%::numeric, %ARG4%::numeric, %ARG5%::numeric, %ARG6%::numeric)) as levels using unique ogc_fid using srid=27700"
    VALIDATION
            'FISHING' '^[a-z_]+$'
            'WKT' '.*'
            'ARG1' '^[0-9]+(\.[0-9]+)?$'
            'default_ARG1' 'null'
            'ARG2' '^[0-9]+(\.[0-9]+)?$'
            'default_ARG2' 'null'
            'ARG3' '^[0-9]+(\.[0-9]+)?$'
            'default_ARG3' 'null'
            'ARG4' '^[0-9]+(\.[0-9]+)?$'
            'default_ARG4' 'null'
            'ARG5' '^[0-9]+(\.[0-9]+)?$'
            'default_ARG5' 'null'
            'ARG6' '^[0-9]+(\.[0-9]+)?$'
            'default_ARG6' 'null'
        END
        PROJECTION
            "init=epsg:27700"
        END
        METADATA
            "ows_title" "intensity_lvls_combined_det"
            "gml_include_items" "all"
            "gml_geometries" "none"
        END
        TOLERANCEUNITS pixels
        TOLERANCE 0
        TEMPLATE 'id.tmpl'
        STATUS OFF
        TYPE POLYGON
        UNITS METERS
        CLASS
            STYLE
                COLOR 255 0 0
            END
        END
    END

    LAYER
        NAME "intensity_lvls_combined_gen"
        INCLUDE "pgconnection.inc"
        DATA "wkb_geometry from (select * FROM fishmap.project_intensity_lvls_combined_gen('%FISHING%'::text, '%WKT%'::text, %ARG1%::numeric, %ARG2%::numeric, %ARG3%::numeric, %ARG4%::numeric, %ARG5%::numeric, %ARG6%::numeric)) as levels using unique ogc_fid using srid=27700"
        VALIDATION
            'FISHING' '^[a-z_]+$'
            'WKT' '.*'
            'ARG1' '^[0-9]+(\.[0-9]+)?$'
            'default_ARG1' 'null'
            'ARG2' '^[0-9]+(\.[0-9]+)?$'
            'default_ARG2' 'null'
            'ARG3' '^[0-9]+(\.[0-9]+)?$'
            'default_ARG3' 'null'
            'ARG4' '^[0-9]+(\.[0-9]+)?$'
            'default_ARG4' 'null'
            'ARG5' '^[0-9]+(\.[0-9]+)?$'
            'default_ARG5' 'null'
            'ARG6' '^[0-9]+(\.[0-9]+)?$'
            'default_ARG6' 'null'
        END
        PROJECTION
            "init=epsg:27700"
        END
        METADATA
            "ows_title" "intensity_lvls_combined_gen"
            "gml_include_items" "all"
            "gml_geometries" "none"
        END
        TOLERANCEUNITS pixels
        TOLERANCE 0
        TEMPLATE 'id.tmpl'
        STATUS OFF
        TYPE POLYGON
        UNITS METERS
        CLASS
            STYLE
                COLOR 255 0 0
            END
        END
    END

    LAYER
        NAME "sensitivity_lvls_scenario_gen"
        INCLUDE "pgconnection.inc"
        DATA "wkb_geometry from (SELECT * FROM fishmap.project_sensitivity_lvls_scenario_gen('%FISHING%'::text, '%WKT%'::text, ST_AsText(!BOX!), %ARG1%::numeric, %ARG2%::numeric, %ARG3%::numeric, %ARG4%::numeric, %ARG5%::numeric, %ARG6%::numeric)) AS levels USING unique ogc_fid USING srid=27700"
    VALIDATION
            'FISHING' '^[a-z_]+$'
            'WKT' '.*'
            'ARG1' '^[0-9]+(\.[0-9]+)?$'
            'default_ARG1' 'null'
            'ARG2' '^[0-9]+(\.[0-9]+)?$'
            'default_ARG2' 'null'
            'ARG3' '^[0-9]+(\.[0-9]+)?$'
            'default_ARG3' 'null'
            'ARG4' '^[0-9]+(\.[0-9]+)?$'
            'default_ARG4' 'null'
            'ARG5' '^[0-9]+(\.[0-9]+)?$'
            'default_ARG5' 'null'
            'ARG6' '^[0-9]+(\.[0-9]+)?$'
            'default_ARG6' 'null'
        END
        PROJECTION
            "init=epsg:27700"
        END
        METADATA
            "ows_title" "sensitivity_lvls_scenario_gen"
            "gml_include_items" "all"
            "gml_geometries" "none"
        END
        TOLERANCEUNITS meters
        TOLERANCE 0.001
        TEMPLATE 'id.tmpl'
        STATUS OFF
        TYPE POLYGON
        UNITS METERS
        CLASS
            STYLE
                COLOR 255 0 0
            END
        END
    END

    LAYER
        DEBUG 5
        NAME "sensitivity_lvls_scenario_det"
        INCLUDE "pgconnection.inc"
        DATA "wkb_geometry from (SELECT * FROM fishmap.project_sensitivity_lvls_scenario_det('%FISHING%'::text, '%WKT%'::text, ST_AsText(!BOX!),  %ARG1%::numeric, %ARG2%::numeric, %ARG3%::numeric, %ARG4%::numeric, %ARG5%::numeric, %ARG6%::numeric)) AS levels USING unique ogc_fid USING srid=27700"
    VALIDATION
            'FISHING' '^[a-z_]+$'
            'WKT' '.*'
            'ARG1' '^[0-9]+(\.[0-9]+)?$'
            'default_ARG1' 'null'
            'ARG2' '^[0-9]+(\.[0-9]+)?$'
            'default_ARG2' 'null'
            'ARG3' '^[0-9]+(\.[0-9]+)?$'
            'default_ARG3' 'null'
            'ARG4' '^[0-9]+(\.[0-9]+)?$'
            'default_ARG4' 'null'
            'ARG5' '^[0-9]+(\.[0-9]+)?$'
            'default_ARG5' 'null'
            'ARG6' '^[0-9]+(\.[0-9]+)?$'
            'default_ARG6' 'null'
        END
        PROJECTION
            "init=epsg:27700"
        END
        METADATA
            "ows_title" "sensitivity_lvls_scenario_det"
            "gml_include_items" "all"
            "gml_geometries" "none"
        END
        TOLERANCEUNITS meters
        TOLERANCE 0.001
        TEMPLATE 'id.tmpl'
        STATUS OFF
        TYPE POLYGON
        UNITS METERS
        CLASS
            STYLE
                COLOR 255 0 0
            END
        END
    END

    LAYER
        NAME "sensitivity_lvls_combined_gen"
        INCLUDE "pgconnection.inc"
        DATA "wkb_geometry from (SELECT * FROM fishmap.project_sensitivity_lvls_combined_gen('%FISHING%'::text, '%WKT%'::text,  ST_AsText(!BOX!), %ARG1%::numeric, %ARG2%::numeric, %ARG3%::numeric, %ARG4%::numeric, %ARG5%::numeric, %ARG6%::numeric)) AS levels USING unique ogc_fid USING srid=27700"
    VALIDATION
            'FISHING' '^[a-z_]+$'
            'WKT' '.*'
            'ARG1' '^[0-9]+(\.[0-9]+)?$'
            'default_ARG1' 'null'
            'ARG2' '^[0-9]+(\.[0-9]+)?$'
            'default_ARG2' 'null'
            'ARG3' '^[0-9]+(\.[0-9]+)?$'
            'default_ARG3' 'null'
            'ARG4' '^[0-9]+(\.[0-9]+)?$'
            'default_ARG4' 'null'
            'ARG5' '^[0-9]+(\.[0-9]+)?$'
            'default_ARG5' 'null'
            'ARG6' '^[0-9]+(\.[0-9]+)?$'
            'default_ARG6' 'null'
        END
        PROJECTION
            "init=epsg:27700"
        END
        METADATA
            "ows_title" "sensitivity_lvls_combined_gen"
            "gml_include_items" "all"
            "gml_geometries" "none"
        END
        TOLERANCEUNITS meters
        TOLERANCE 0.001
        TEMPLATE 'id.tmpl'
        STATUS OFF
        TYPE POLYGON
        UNITS METERS
        CLASS
            STYLE
                COLOR 255 0 0
            END
        END
    END

    LAYER
        NAME "sensitivity_lvls_combined_det"
        INCLUDE "pgconnection.inc"
        DATA "wkb_geometry from (SELECT * FROM fishmap.project_sensitivity_lvls_combined_det('%FISHING%'::text, '%WKT%'::text,  ST_AsText(!BOX!), %ARG1%::numeric, %ARG2%::numeric, %ARG3%::numeric, %ARG4%::numeric, %ARG5%::numeric, %ARG6%::numeric)) AS levels USING unique ogc_fid USING srid=27700"
    VALIDATION
            'FISHING' '^[a-z_]+$'
            'WKT' '.*'
            'ARG1' '^[0-9]+(\.[0-9]+)?$'
            'default_ARG1' 'null'
            'ARG2' '^[0-9]+(\.[0-9]+)?$'
            'default_ARG2' 'null'
            'ARG3' '^[0-9]+(\.[0-9]+)?$'
            'default_ARG3' 'null'
            'ARG4' '^[0-9]+(\.[0-9]+)?$'
            'default_ARG4' 'null'
            'ARG5' '^[0-9]+(\.[0-9]+)?$'
            'default_ARG5' 'null'
            'ARG6' '^[0-9]+(\.[0-9]+)?$'
            'default_ARG6' 'null'
        END
        PROJECTION
            "init=epsg:27700"
        END
        METADATA
            "ows_title" "sensitivity_lvls_combined_det"
            "gml_include_items" "all"
            "gml_geometries" "none"
        END
        TOLERANCEUNITS meters
        TOLERANCE 0.001
        TEMPLATE 'id.tmpl'
        STATUS OFF
        TYPE POLYGON
        UNITS METERS
        CLASS
            STYLE
                COLOR 255 0 0
            END
        END
    END

